Component: ARM Compiler 5.06 update 7 (build 960) Tool: armlink [4d3601]

==============================================================================

Section Cross References

    startup_stm32f10x_md.o(RESET) refers to startup_stm32f10x_md.o(STACK) for __initial_sp
    startup_stm32f10x_md.o(RESET) refers to startup_stm32f10x_md.o(.text) for Reset_Handler
    startup_stm32f10x_md.o(RESET) refers to stm32f10x_it.o(i.NMI_Handler) for NMI_Handler
    startup_stm32f10x_md.o(RESET) refers to stm32f10x_it.o(i.HardFault_Handler) for HardFault_Handler
    startup_stm32f10x_md.o(RESET) refers to stm32f10x_it.o(i.MemManage_Handler) for MemManage_Handler
    startup_stm32f10x_md.o(RESET) refers to stm32f10x_it.o(i.BusFault_Handler) for BusFault_Handler
    startup_stm32f10x_md.o(RESET) refers to stm32f10x_it.o(i.UsageFault_Handler) for UsageFault_Handler
    startup_stm32f10x_md.o(RESET) refers to stm32f10x_it.o(i.SVC_Handler) for SVC_Handler
    startup_stm32f10x_md.o(RESET) refers to stm32f10x_it.o(i.DebugMon_Handler) for DebugMon_Handler
    startup_stm32f10x_md.o(RESET) refers to stm32f10x_it.o(i.PendSV_Handler) for PendSV_Handler
    startup_stm32f10x_md.o(RESET) refers to stm32f10x_it.o(i.SysTick_Handler) for SysTick_Handler
    startup_stm32f10x_md.o(RESET) refers to wdg.o(i.WWDG_IRQHandler) for WWDG_IRQHandler
    startup_stm32f10x_md.o(RESET) refers to key.o(i.EXTI0_IRQHandler) for EXTI0_IRQHandler
    startup_stm32f10x_md.o(RESET) refers to key.o(i.EXTI1_IRQHandler) for EXTI1_IRQHandler
    startup_stm32f10x_md.o(RESET) refers to key.o(i.EXTI4_IRQHandler) for EXTI4_IRQHandler
    startup_stm32f10x_md.o(RESET) refers to key.o(i.EXTI9_5_IRQHandler) for EXTI9_5_IRQHandler
    startup_stm32f10x_md.o(RESET) refers to servo.o(i.TIM1_UP_IRQHandler) for TIM1_UP_IRQHandler
    startup_stm32f10x_md.o(RESET) refers to hc_sr04.o(i.TIM3_IRQHandler) for TIM3_IRQHandler
    startup_stm32f10x_md.o(RESET) refers to usart.o(i.USART1_IRQHandler) for USART1_IRQHandler
    startup_stm32f10x_md.o(.text) refers to system_stm32f10x.o(i.SystemInit) for SystemInit
    startup_stm32f10x_md.o(.text) refers to entry.o(.ARM.Collect$$$$00000000) for __main
    system_stm32f10x.o(i.SetSysClock) refers to system_stm32f10x.o(i.SetSysClockTo72) for SetSysClockTo72
    system_stm32f10x.o(i.SystemCoreClockUpdate) refers to system_stm32f10x.o(.data) for SystemCoreClock
    system_stm32f10x.o(i.SystemInit) refers to system_stm32f10x.o(i.SetSysClock) for SetSysClock
    stm32f10x_adc.o(i.ADC_DeInit) refers to stm32f10x_rcc.o(i.RCC_APB2PeriphResetCmd) for RCC_APB2PeriphResetCmd
    stm32f10x_bkp.o(i.BKP_DeInit) refers to stm32f10x_rcc.o(i.RCC_BackupResetCmd) for RCC_BackupResetCmd
    stm32f10x_can.o(i.CAN_DeInit) refers to stm32f10x_rcc.o(i.RCC_APB1PeriphResetCmd) for RCC_APB1PeriphResetCmd
    stm32f10x_can.o(i.CAN_GetITStatus) refers to stm32f10x_can.o(i.CheckITStatus) for CheckITStatus
    stm32f10x_cec.o(i.CEC_DeInit) refers to stm32f10x_rcc.o(i.RCC_APB1PeriphResetCmd) for RCC_APB1PeriphResetCmd
    stm32f10x_dac.o(i.DAC_DeInit) refers to stm32f10x_rcc.o(i.RCC_APB1PeriphResetCmd) for RCC_APB1PeriphResetCmd
    stm32f10x_flash.o(i.FLASH_EnableWriteProtection) refers to stm32f10x_flash.o(i.FLASH_WaitForLastOperation) for FLASH_WaitForLastOperation
    stm32f10x_flash.o(i.FLASH_EraseAllBank1Pages) refers to stm32f10x_flash.o(i.FLASH_WaitForLastBank1Operation) for FLASH_WaitForLastBank1Operation
    stm32f10x_flash.o(i.FLASH_EraseAllPages) refers to stm32f10x_flash.o(i.FLASH_WaitForLastOperation) for FLASH_WaitForLastOperation
    stm32f10x_flash.o(i.FLASH_EraseOptionBytes) refers to stm32f10x_flash.o(i.FLASH_GetReadOutProtectionStatus) for FLASH_GetReadOutProtectionStatus
    stm32f10x_flash.o(i.FLASH_EraseOptionBytes) refers to stm32f10x_flash.o(i.FLASH_WaitForLastOperation) for FLASH_WaitForLastOperation
    stm32f10x_flash.o(i.FLASH_ErasePage) refers to stm32f10x_flash.o(i.FLASH_WaitForLastOperation) for FLASH_WaitForLastOperation
    stm32f10x_flash.o(i.FLASH_ProgramHalfWord) refers to stm32f10x_flash.o(i.FLASH_WaitForLastOperation) for FLASH_WaitForLastOperation
    stm32f10x_flash.o(i.FLASH_ProgramOptionByteData) refers to stm32f10x_flash.o(i.FLASH_WaitForLastOperation) for FLASH_WaitForLastOperation
    stm32f10x_flash.o(i.FLASH_ProgramWord) refers to stm32f10x_flash.o(i.FLASH_WaitForLastOperation) for FLASH_WaitForLastOperation
    stm32f10x_flash.o(i.FLASH_ReadOutProtection) refers to stm32f10x_flash.o(i.FLASH_WaitForLastOperation) for FLASH_WaitForLastOperation
    stm32f10x_flash.o(i.FLASH_UserOptionByteConfig) refers to stm32f10x_flash.o(i.FLASH_WaitForLastOperation) for FLASH_WaitForLastOperation
    stm32f10x_flash.o(i.FLASH_WaitForLastBank1Operation) refers to stm32f10x_flash.o(i.FLASH_GetBank1Status) for FLASH_GetBank1Status
    stm32f10x_flash.o(i.FLASH_WaitForLastOperation) refers to stm32f10x_flash.o(i.FLASH_GetBank1Status) for FLASH_GetBank1Status
[...]
    Removing stm32f10x_crc.o(i.CRC_SetIDRegister), (12 bytes).
    Removing stm32f10x_dac.o(i.DAC_Cmd), (40 bytes).
    Removing stm32f10x_dac.o(i.DAC_DMACmd), (44 bytes).
    Removing stm32f10x_dac.o(i.DAC_DeInit), (22 bytes).
    Removing stm32f10x_dac.o(i.DAC_DualSoftwareTriggerCmd), (36 bytes).
    Removing stm32f10x_dac.o(i.DAC_GetDataOutputValue), (36 bytes).
    Removing stm32f10x_dac.o(i.DAC_Init), (52 bytes).
    Removing stm32f10x_dac.o(i.DAC_SetChannel1Data), (32 bytes).
    Removing stm32f10x_dac.o(i.DAC_SetChannel2Data), (32 bytes).
    Removing stm32f10x_dac.o(i.DAC_SetDualChannelData), (36 bytes).
    Removing stm32f10x_dac.o(i.DAC_SoftwareTriggerCmd), (44 bytes).
    Removing stm32f10x_dac.o(i.DAC_StructInit), (12 bytes).
    Removing stm32f10x_dac.o(i.DAC_WaveGenerationCmd), (40 bytes).
    Removing stm32f10x_dbgmcu.o(i.DBGMCU_Config), (32 bytes).
    Removing stm32f10x_dbgmcu.o(i.DBGMCU_GetDEVID), (16 bytes).
    Removing stm32f10x_dbgmcu.o(i.DBGMCU_GetREVID), (12 bytes).
    Removing stm32f10x_dma.o(i.DMA_ClearFlag), (28 bytes).
    Removing stm32f10x_dma.o(i.DMA_ClearITPendingBit), (28 bytes).
    Removing stm32f10x_dma.o(i.DMA_Cmd), (24 bytes).
    Removing stm32f10x_dma.o(i.DMA_DeInit), (332 bytes).
    Removing stm32f10x_dma.o(i.DMA_GetCurrDataCounter), (8 bytes).
    Removing stm32f10x_dma.o(i.DMA_GetFlagStatus), (44 bytes).
    Removing stm32f10x_dma.o(i.DMA_GetITStatus), (44 bytes).
    Removing stm32f10x_dma.o(i.DMA_ITConfig), (18 bytes).
    Removing stm32f10x_dma.o(i.DMA_Init), (60 bytes).
    Removing stm32f10x_dma.o(i.DMA_SetCurrDataCounter), (4 bytes).
    Removing stm32f10x_dma.o(i.DMA_StructInit), (26 bytes).
    Removing stm32f10x_exti.o(i.EXTI_ClearFlag), (12 bytes).
    Removing stm32f10x_exti.o(i.EXTI_DeInit), (36 bytes).
    Removing stm32f10x_exti.o(i.EXTI_GenerateSWInterrupt), (16 bytes).
    Removing stm32f10x_exti.o(i.EXTI_GetFlagStatus), (24 bytes).
    Removing stm32f10x_exti.o(i.EXTI_StructInit), (16 bytes).
    Removing stm32f10x_flash.o(i.FLASH_ClearFlag), (12 bytes).
    Removing stm32f10x_flash.o(i.FLASH_EnableWriteProtection), (196 bytes).
    Removing stm32f10x_flash.o(i.FLASH_EraseAllBank1Pages), (72 bytes).
    Removing stm32f10x_flash.o(i.FLASH_EraseAllPages), (72 bytes).
    Removing stm32f10x_flash.o(i.FLASH_EraseOptionBytes), (168 bytes).
    Removing stm32f10x_flash.o(i.FLASH_ErasePage), (76 bytes).
    Removing stm32f10x_flash.o(i.FLASH_GetBank1Status), (52 bytes).
    Removing stm32f10x_flash.o(i.FLASH_GetFlagStatus), (48 bytes).
    Removing stm32f10x_flash.o(i.FLASH_GetPrefetchBufferStatus), (24 bytes).
    Removing stm32f10x_flash.o(i.FLASH_GetReadOutProtectionStatus), (24 bytes).
    Removing stm32f10x_flash.o(i.FLASH_GetStatus), (52 bytes).
    Removing stm32f10x_flash.o(i.FLASH_GetUserOptionByte), (12 bytes).
    Removing stm32f10x_flash.o(i.FLASH_GetWriteProtectionOptionByte), (12 bytes).
    Removing stm32f10x_flash.o(i.FLASH_HalfCycleAccessCmd), (28 bytes).
    Removing stm32f10x_flash.o(i.FLASH_ITConfig), (32 bytes).
    Removing stm32f10x_flash.o(i.FLASH_Lock), (20 bytes).
    Removing stm32f10x_flash.o(i.FLASH_LockBank1), (20 bytes).
    Removing stm32f10x_flash.o(i.FLASH_PrefetchBufferCmd), (28 bytes).
    Removing stm32f10x_flash.o(i.FLASH_ProgramHalfWord), (64 bytes).
    Removing stm32f10x_flash.o(i.FLASH_ProgramOptionByteData), (84 bytes).
    Removing stm32f10x_flash.o(i.FLASH_ProgramWord), (108 bytes).
    Removing stm32f10x_flash.o(i.FLASH_ReadOutProtection), (172 bytes).
    Removing stm32f10x_flash.o(i.FLASH_SetLatency), (24 bytes).
    Removing stm32f10x_flash.o(i.FLASH_Unlock), (24 bytes).
    Removing stm32f10x_flash.o(i.FLASH_UnlockBank1), (24 bytes).
    Removing stm32f10x_flash.o(i.FLASH_UserOptionByteConfig), (104 bytes).
    Removing stm32f10x_flash.o(i.FLASH_WaitForLastBank1Operation), (38 bytes).
    Removing stm32f10x_flash.o(i.FLASH_WaitForLastOperation), (38 bytes).
    Removing stm32f10x_fsmc.o(i.FSMC_ClearFlag), (64 bytes).
    Removing stm32f10x_fsmc.o(i.FSMC_ClearITPendingBit), (72 bytes).
    Removing stm32f10x_fsmc.o(i.FSMC_GetECC), (28 bytes).
    Removing stm32f10x_fsmc.o(i.FSMC_GetFlagStatus), (56 bytes).
    Removing stm32f10x_fsmc.o(i.FSMC_GetITStatus), (68 bytes).
    Removing stm32f10x_fsmc.o(i.FSMC_ITConfig), (128 bytes).
    Removing stm32f10x_fsmc.o(i.FSMC_NANDCmd), (92 bytes).
    Removing stm32f10x_fsmc.o(i.FSMC_NANDDeInit), (68 bytes).
    Removing stm32f10x_fsmc.o(i.FSMC_NANDECCCmd), (92 bytes).
    Removing stm32f10x_fsmc.o(i.FSMC_NANDInit), (136 bytes).
    Removing stm32f10x_fsmc.o(i.FSMC_NANDStructInit), (54 bytes).
    Removing stm32f10x_fsmc.o(i.FSMC_NORSRAMCmd), (52 bytes).
    Removing stm32f10x_fsmc.o(i.FSMC_NORSRAMDeInit), (54 bytes).
    Removing stm32f10x_fsmc.o(i.FSMC_NORSRAMInit), (230 bytes).
    Removing stm32f10x_fsmc.o(i.FSMC_NORSRAMStructInit), (114 bytes).
    Removing stm32f10x_fsmc.o(i.FSMC_PCCARDCmd), (48 bytes).
    Removing stm32f10x_fsmc.o(i.FSMC_PCCARDDeInit), (40 bytes).
    Removing stm32f10x_fsmc.o(i.FSMC_PCCARDInit), (132 bytes).
    Removing stm32f10x_fsmc.o(i.FSMC_PCCARDStructInit), (60 bytes).
    Removing stm32f10x_gpio.o(i.GPIO_AFIODeInit), (20 bytes).
    Removing stm32f10x_gpio.o(i.GPIO_DeInit), (200 bytes).
    Removing stm32f10x_gpio.o(i.GPIO_ETH_MediaInterfaceConfig), (12 bytes).
    Removing stm32f10x_gpio.o(i.GPIO_EventOutputCmd), (12 bytes).
    Removing stm32f10x_gpio.o(i.GPIO_EventOutputConfig), (32 bytes).
    Removing stm32f10x_gpio.o(i.GPIO_PinLockConfig), (18 bytes).
    Removing stm32f10x_gpio.o(i.GPIO_PinRemapConfig), (144 bytes).
    Removing stm32f10x_gpio.o(i.GPIO_ReadInputData), (8 bytes).
    Removing stm32f10x_gpio.o(i.GPIO_ReadOutputData), (8 bytes).
    Removing stm32f10x_gpio.o(i.GPIO_ReadOutputDataBit), (18 bytes).
    Removing stm32f10x_gpio.o(i.GPIO_StructInit), (16 bytes).
    Removing stm32f10x_gpio.o(i.GPIO_Write), (4 bytes).
    Removing stm32f10x_i2c.o(i.I2C_ARPCmd), (24 bytes).
    Removing stm32f10x_i2c.o(i.I2C_AcknowledgeConfig), (24 bytes).
    Removing stm32f10x_i2c.o(i.I2C_CalculatePEC), (24 bytes).
    Removing stm32f10x_i2c.o(i.I2C_CheckEvent), (42 bytes).
    Removing stm32f10x_i2c.o(i.I2C_ClearFlag), (12 bytes).
    Removing stm32f10x_i2c.o(i.I2C_ClearITPendingBit), (12 bytes).
    Removing stm32f10x_i2c.o(i.I2C_Cmd), (24 bytes).
    Removing stm32f10x_i2c.o(i.I2C_DMACmd), (24 bytes).
    Removing stm32f10x_i2c.o(i.I2C_DMALastTransferCmd), (24 bytes).
    Removing stm32f10x_i2c.o(i.I2C_DeInit), (56 bytes).
    Removing stm32f10x_i2c.o(i.I2C_DualAddressCmd), (24 bytes).
    Removing stm32f10x_i2c.o(i.I2C_FastModeDutyCycleConfig), (28 bytes).
    Removing stm32f10x_i2c.o(i.I2C_GeneralCallCmd), (24 bytes).
    Removing stm32f10x_i2c.o(i.I2C_GenerateSTART), (24 bytes).
    Removing stm32f10x_i2c.o(i.I2C_GenerateSTOP), (24 bytes).
    Removing stm32f10x_i2c.o(i.I2C_GetFlagStatus), (58 bytes).
    Removing stm32f10x_i2c.o(i.I2C_GetITStatus), (38 bytes).
    Removing stm32f10x_i2c.o(i.I2C_GetLastEvent), (26 bytes).
    Removing stm32f10x_i2c.o(i.I2C_GetPEC), (8 bytes).
    Removing stm32f10x_i2c.o(i.I2C_ITConfig), (18 bytes).
    Removing stm32f10x_i2c.o(i.I2C_Init), (236 bytes).
    Removing stm32f10x_i2c.o(i.I2C_NACKPositionConfig), (28 bytes).
    Removing stm32f10x_i2c.o(i.I2C_OwnAddress2Config), (22 bytes).
    Removing stm32f10x_i2c.o(i.I2C_PECPositionConfig), (28 bytes).
    Removing stm32f10x_i2c.o(i.I2C_ReadRegister), (22 bytes).
    Removing stm32f10x_i2c.o(i.I2C_ReceiveData), (8 bytes).
    Removing stm32f10x_i2c.o(i.I2C_SMBusAlertConfig), (28 bytes).
    Removing stm32f10x_i2c.o(i.I2C_Send7bitAddress), (18 bytes).
    Removing stm32f10x_i2c.o(i.I2C_SendData), (4 bytes).
    Removing stm32f10x_i2c.o(i.I2C_SoftwareResetCmd), (22 bytes).
    Removing stm32f10x_i2c.o(i.I2C_StretchClockCmd), (24 bytes).
    Removing stm32f10x_i2c.o(i.I2C_StructInit), (30 bytes).
    Removing stm32f10x_i2c.o(i.I2C_TransmitPEC), (24 bytes).
    Removing stm32f10x_iwdg.o(i.IWDG_Enable), (16 bytes).
    Removing stm32f10x_iwdg.o(i.IWDG_GetFlagStatus), (24 bytes).
    Removing stm32f10x_iwdg.o(i.IWDG_ReloadCounter), (16 bytes).
    Removing stm32f10x_iwdg.o(i.IWDG_SetPrescaler), (12 bytes).
    Removing stm32f10x_iwdg.o(i.IWDG_SetReload), (12 bytes).
    Removing stm32f10x_iwdg.o(i.IWDG_WriteAccessCmd), (12 bytes).
    Removing stm32f10x_pwr.o(i.PWR_BackupAccessCmd), (12 bytes).
    Removing stm32f10x_pwr.o(i.PWR_ClearFlag), (20 bytes).
    Removing stm32f10x_pwr.o(i.PWR_DeInit), (22 bytes).
    Removing stm32f10x_pwr.o(i.PWR_EnterSTANDBYMode), (52 bytes).
    Removing stm32f10x_pwr.o(i.PWR_EnterSTOPMode), (64 bytes).
    Removing stm32f10x_pwr.o(i.PWR_GetFlagStatus), (24 bytes).
    Removing stm32f10x_pwr.o(i.PWR_PVDCmd), (12 bytes).
    Removing stm32f10x_pwr.o(i.PWR_PVDLevelConfig), (24 bytes).
    Removing stm32f10x_pwr.o(i.PWR_WakeUpPinCmd), (12 bytes).
    Removing stm32f10x_rcc.o(i.RCC_ADCCLKConfig), (24 bytes).
    Removing stm32f10x_rcc.o(i.RCC_AHBPeriphClockCmd), (32 bytes).
    Removing stm32f10x_rcc.o(i.RCC_APB1PeriphResetCmd), (32 bytes).
    Removing stm32f10x_rcc.o(i.RCC_APB2PeriphResetCmd), (32 bytes).
    Removing stm32f10x_rcc.o(i.RCC_AdjustHSICalibrationValue), (24 bytes).
    Removing stm32f10x_rcc.o(i.RCC_BackupResetCmd), (12 bytes).
    Removing stm32f10x_rcc.o(i.RCC_ClearFlag), (20 bytes).
    Removing stm32f10x_rcc.o(i.RCC_ClearITPendingBit), (12 bytes).
    Removing stm32f10x_rcc.o(i.RCC_ClockSecuritySystemCmd), (12 bytes).
    Removing stm32f10x_rcc.o(i.RCC_DeInit), (76 bytes).
    Removing stm32f10x_rcc.o(i.RCC_GetClocksFreq), (212 bytes).
    Removing stm32f10x_rcc.o(i.RCC_GetFlagStatus), (60 bytes).
    Removing stm32f10x_rcc.o(i.RCC_GetITStatus), (24 bytes).
    Removing stm32f10x_rcc.o(i.RCC_GetSYSCLKSource), (16 bytes).
    Removing stm32f10x_rcc.o(i.RCC_HCLKConfig), (24 bytes).
    Removing stm32f10x_rcc.o(i.RCC_HSEConfig), (76 bytes).
    Removing stm32f10x_rcc.o(i.RCC_HSICmd), (12 bytes).
    Removing stm32f10x_rcc.o(i.RCC_ITConfig), (32 bytes).
    Removing stm32f10x_rcc.o(i.RCC_LSEConfig), (52 bytes).
    Removing stm32f10x_rcc.o(i.RCC_LSICmd), (12 bytes).
    Removing stm32f10x_rcc.o(i.RCC_MCOConfig), (12 bytes).
    Removing stm32f10x_rcc.o(i.RCC_PCLK1Config), (24 bytes).
    Removing stm32f10x_rcc.o(i.RCC_PCLK2Config), (24 bytes).
    Removing stm32f10x_rcc.o(i.RCC_PLLCmd), (12 bytes).
    Removing stm32f10x_rcc.o(i.RCC_PLLConfig), (28 bytes).
    Removing stm32f10x_rcc.o(i.RCC_RTCCLKCmd), (12 bytes).
    Removing stm32f10x_rcc.o(i.RCC_RTCCLKConfig), (16 bytes).
    Removing stm32f10x_rcc.o(i.RCC_SYSCLKConfig), (24 bytes).
    Removing stm32f10x_rcc.o(i.RCC_USBCLKConfig), (12 bytes).
    Removing stm32f10x_rcc.o(i.RCC_WaitForHSEStartUp), (56 bytes).
    Removing stm32f10x_rcc.o(.data), (20 bytes).
    Removing stm32f10x_rtc.o(i.RTC_ClearFlag), (16 bytes).
    Removing stm32f10x_rtc.o(i.RTC_ClearITPendingBit), (16 bytes).
    Removing stm32f10x_rtc.o(i.RTC_EnterConfigMode), (20 bytes).
    Removing stm32f10x_rtc.o(i.RTC_ExitConfigMode), (20 bytes).
    Removing stm32f10x_rtc.o(i.RTC_GetCounter), (20 bytes).
    Removing stm32f10x_rtc.o(i.RTC_GetDivider), (24 bytes).
    Removing stm32f10x_rtc.o(i.RTC_GetFlagStatus), (24 bytes).
    Removing stm32f10x_rtc.o(i.RTC_GetITStatus), (36 bytes).
    Removing stm32f10x_rtc.o(i.RTC_ITConfig), (32 bytes).
    Removing stm32f10x_rtc.o(i.RTC_SetAlarm), (28 bytes).
    Removing stm32f10x_rtc.o(i.RTC_SetCounter), (28 bytes).
    Removing stm32f10x_rtc.o(i.RTC_SetPrescaler), (32 bytes).
    Removing stm32f10x_rtc.o(i.RTC_WaitForLastTask), (20 bytes).
    Removing stm32f10x_rtc.o(i.RTC_WaitForSynchro), (36 bytes).
    Removing stm32f10x_sdio.o(i.SDIO_CEATAITCmd), (16 bytes).
    Removing stm32f10x_sdio.o(i.SDIO_ClearFlag), (12 bytes).
    Removing stm32f10x_sdio.o(i.SDIO_ClearITPendingBit), (12 bytes).
    Removing stm32f10x_sdio.o(i.SDIO_ClockCmd), (12 bytes).
    Removing stm32f10x_sdio.o(i.SDIO_CmdStructInit), (14 bytes).
    Removing stm32f10x_sdio.o(i.SDIO_CommandCompletionCmd), (12 bytes).
    Removing stm32f10x_sdio.o(i.SDIO_DMACmd), (12 bytes).
    Removing stm32f10x_sdio.o(i.SDIO_DataConfig), (48 bytes).
    Removing stm32f10x_sdio.o(i.SDIO_DataStructInit), (20 bytes).
    Removing stm32f10x_sdio.o(i.SDIO_DeInit), (36 bytes).
    Removing stm32f10x_sdio.o(i.SDIO_GetCommandResponse), (12 bytes).
    Removing stm32f10x_sdio.o(i.SDIO_GetDataCounter), (12 bytes).
    Removing stm32f10x_sdio.o(i.SDIO_GetFIFOCount), (12 bytes).
    Removing stm32f10x_sdio.o(i.SDIO_GetFlagStatus), (24 bytes).
    Removing stm32f10x_sdio.o(i.SDIO_GetITStatus), (24 bytes).
    Removing stm32f10x_sdio.o(i.SDIO_GetPowerState), (16 bytes).
    Removing stm32f10x_sdio.o(i.SDIO_GetResponse), (24 bytes).
    Removing stm32f10x_sdio.o(i.SDIO_ITConfig), (32 bytes).
    Removing stm32f10x_sdio.o(i.SDIO_Init), (48 bytes).
    Removing stm32f10x_sdio.o(i.SDIO_ReadData), (12 bytes).
    Removing stm32f10x_sdio.o(i.SDIO_SendCEATACmd), (12 bytes).
    Removing stm32f10x_sdio.o(i.SDIO_SendCommand), (44 bytes).
    Removing stm32f10x_sdio.o(i.SDIO_SendSDIOSuspendCmd), (12 bytes).
    Removing stm32f10x_sdio.o(i.SDIO_SetPowerState), (28 bytes).
    Removing stm32f10x_sdio.o(i.SDIO_SetSDIOOperation), (12 bytes).
    Removing stm32f10x_sdio.o(i.SDIO_SetSDIOReadWaitMode), (12 bytes).
    Removing stm32f10x_sdio.o(i.SDIO_StartSDIOReadWait), (12 bytes).
    Removing stm32f10x_sdio.o(i.SDIO_StopSDIOReadWait), (12 bytes).
    Removing stm32f10x_sdio.o(i.SDIO_StructInit), (16 bytes).
    Removing stm32f10x_sdio.o(i.SDIO_WriteData), (12 bytes).
    Removing stm32f10x_spi.o(i.I2S_Cmd), (24 bytes).
    Removing stm32f10x_spi.o(i.I2S_Init), (232 bytes).
    Removing stm32f10x_spi.o(i.I2S_StructInit), (20 bytes).
    Removing stm32f10x_spi.o(i.SPI_BiDirectionalLineConfig), (28 bytes).
    Removing stm32f10x_spi.o(i.SPI_CalculateCRC), (24 bytes).
    Removing stm32f10x_spi.o(i.SPI_Cmd), (24 bytes).
    Removing stm32f10x_spi.o(i.SPI_DataSizeConfig), (18 bytes).
    Removing stm32f10x_spi.o(i.SPI_GetCRC), (16 bytes).
    Removing stm32f10x_spi.o(i.SPI_GetCRCPolynomial), (6 bytes).
    Removing stm32f10x_spi.o(i.SPI_I2S_ClearFlag), (6 bytes).
    Removing stm32f10x_spi.o(i.SPI_I2S_ClearITPendingBit), (20 bytes).
    Removing stm32f10x_spi.o(i.SPI_I2S_DMACmd), (18 bytes).
    Removing stm32f10x_spi.o(i.SPI_I2S_DeInit), (88 bytes).
    Removing stm32f10x_spi.o(i.SPI_I2S_GetFlagStatus), (18 bytes).
    Removing stm32f10x_spi.o(i.SPI_I2S_GetITStatus), (52 bytes).
    Removing stm32f10x_spi.o(i.SPI_I2S_ITConfig), (32 bytes).
    Removing stm32f10x_spi.o(i.SPI_I2S_ReceiveData), (6 bytes).
    Removing stm32f10x_spi.o(i.SPI_I2S_SendData), (4 bytes).
    Removing stm32f10x_spi.o(i.SPI_Init), (60 bytes).
    Removing stm32f10x_spi.o(i.SPI_NSSInternalSoftwareConfig), (30 bytes).
    Removing stm32f10x_spi.o(i.SPI_SSOutputCmd), (24 bytes).
    Removing stm32f10x_spi.o(i.SPI_StructInit), (24 bytes).
    Removing stm32f10x_spi.o(i.SPI_TransmitCRC), (10 bytes).
    Removing stm32f10x_tim.o(i.TI1_Config), (128 bytes).
    Removing stm32f10x_tim.o(i.TI2_Config), (152 bytes).
    Removing stm32f10x_tim.o(i.TI3_Config), (144 bytes).
    Removing stm32f10x_tim.o(i.TI4_Config), (152 bytes).
    Removing stm32f10x_tim.o(i.TIM_ARRPreloadConfig), (24 bytes).
    Removing stm32f10x_tim.o(i.TIM_BDTRConfig), (32 bytes).
    Removing stm32f10x_tim.o(i.TIM_BDTRStructInit), (18 bytes).
    Removing stm32f10x_tim.o(i.TIM_CCPreloadControl), (24 bytes).
    Removing stm32f10x_tim.o(i.TIM_CCxCmd), (30 bytes).
    Removing stm32f10x_tim.o(i.TIM_CCxNCmd), (30 bytes).
    Removing stm32f10x_tim.o(i.TIM_ClearOC1Ref), (18 bytes).
    Removing stm32f10x_tim.o(i.TIM_ClearOC2Ref), (24 bytes).
    Removing stm32f10x_tim.o(i.TIM_ClearOC3Ref), (18 bytes).
    Removing stm32f10x_tim.o(i.TIM_ClearOC4Ref), (24 bytes).
    Removing stm32f10x_tim.o(i.TIM_CounterModeConfig), (18 bytes).
    Removing stm32f10x_tim.o(i.TIM_CtrlPWMOutputs), (30 bytes).
    Removing stm32f10x_tim.o(i.TIM_DMACmd), (18 bytes).
    Removing stm32f10x_tim.o(i.TIM_DMAConfig), (10 bytes).
    Removing stm32f10x_tim.o(i.TIM_DeInit), (488 bytes).
    Removing stm32f10x_tim.o(i.TIM_ETRClockMode1Config), (54 bytes).
    Removing stm32f10x_tim.o(i.TIM_ETRClockMode2Config), (32 bytes).
    Removing stm32f10x_tim.o(i.TIM_ETRConfig), (28 bytes).
    Removing stm32f10x_tim.o(i.TIM_EncoderInterfaceConfig), (66 bytes).
    Removing stm32f10x_tim.o(i.TIM_ForcedOC1Config), (18 bytes).
    Removing stm32f10x_tim.o(i.TIM_ForcedOC2Config), (26 bytes).
    Removing stm32f10x_tim.o(i.TIM_ForcedOC3Config), (18 bytes).
    Removing stm32f10x_tim.o(i.TIM_ForcedOC4Config), (26 bytes).
    Removing stm32f10x_tim.o(i.TIM_GenerateEvent), (4 bytes).
    Removing stm32f10x_tim.o(i.TIM_GetCapture1), (6 bytes).
    Removing stm32f10x_tim.o(i.TIM_GetCapture2), (6 bytes).
    Removing stm32f10x_tim.o(i.TIM_GetCapture3), (6 bytes).
    Removing stm32f10x_tim.o(i.TIM_GetCapture4), (8 bytes).
    Removing stm32f10x_tim.o(i.TIM_GetCounter), (6 bytes).
    Removing stm32f10x_tim.o(i.TIM_GetFlagStatus), (18 bytes).
    Removing stm32f10x_tim.o(i.TIM_GetPrescaler), (6 bytes).
    Removing stm32f10x_tim.o(i.TIM_ICInit), (172 bytes).
    Removing stm32f10x_tim.o(i.TIM_ICStructInit), (18 bytes).
    Removing stm32f10x_tim.o(i.TIM_ITRxExternalClockConfig), (24 bytes).
    Removing stm32f10x_tim.o(i.TIM_OC1FastConfig), (18 bytes).
    Removing stm32f10x_tim.o(i.TIM_OC1NPolarityConfig), (18 bytes).
    Removing stm32f10x_tim.o(i.TIM_OC1PolarityConfig), (18 bytes).
    Removing stm32f10x_tim.o(i.TIM_OC1PreloadConfig), (18 bytes).
    Removing stm32f10x_tim.o(i.TIM_OC2FastConfig), (26 bytes).
    Removing stm32f10x_tim.o(i.TIM_OC2NPolarityConfig), (26 bytes).
    Removing stm32f10x_tim.o(i.TIM_OC2PolarityConfig), (26 bytes).
    Removing stm32f10x_tim.o(i.TIM_OC2PreloadConfig), (26 bytes).
    Removing stm32f10x_tim.o(i.TIM_OC3FastConfig), (18 bytes).
    Removing stm32f10x_tim.o(i.TIM_OC3NPolarityConfig), (26 bytes).
    Removing stm32f10x_tim.o(i.TIM_OC3PolarityConfig), (26 bytes).
    Removing stm32f10x_tim.o(i.TIM_OC3PreloadConfig), (18 bytes).
    Removing stm32f10x_tim.o(i.TIM_OC4FastConfig), (26 bytes).
    Removing stm32f10x_tim.o(i.TIM_OC4PolarityConfig), (26 bytes).
    Removing stm32f10x_tim.o(i.TIM_OC4PreloadConfig), (26 bytes).
    Removing stm32f10x_tim.o(i.TIM_PWMIConfig), (124 bytes).
    Removing stm32f10x_tim.o(i.TIM_PrescalerConfig), (6 bytes).
    Removing stm32f10x_tim.o(i.TIM_SelectCCDMA), (24 bytes).
    Removing stm32f10x_tim.o(i.TIM_SelectCOM), (24 bytes).
    Removing stm32f10x_tim.o(i.TIM_SelectHallSensor), (24 bytes).
    Removing stm32f10x_tim.o(i.TIM_SelectInputTrigger), (18 bytes).
    Removing stm32f10x_tim.o(i.TIM_SelectMasterSlaveMode), (18 bytes).
    Removing stm32f10x_tim.o(i.TIM_SelectOCxM), (82 bytes).
    Removing stm32f10x_tim.o(i.TIM_SelectOnePulseMode), (18 bytes).
    Removing stm32f10x_tim.o(i.TIM_SelectOutputTrigger), (18 bytes).
    Removing stm32f10x_tim.o(i.TIM_SelectSlaveMode), (18 bytes).
    Removing stm32f10x_tim.o(i.TIM_SetAutoreload), (4 bytes).
    Removing stm32f10x_tim.o(i.TIM_SetClockDivision), (18 bytes).
    Removing stm32f10x_tim.o(i.TIM_SetCounter), (4 bytes).
    Removing stm32f10x_tim.o(i.TIM_SetIC1Prescaler), (18 bytes).
    Removing stm32f10x_tim.o(i.TIM_SetIC2Prescaler), (26 bytes).
    Removing stm32f10x_tim.o(i.TIM_SetIC3Prescaler), (18 bytes).
    Removing stm32f10x_tim.o(i.TIM_SetIC4Prescaler), (26 bytes).
    Removing stm32f10x_tim.o(i.TIM_TIxExternalClockConfig), (62 bytes).
    Removing stm32f10x_tim.o(i.TIM_TimeBaseStructInit), (18 bytes).
    Removing stm32f10x_tim.o(i.TIM_UpdateDisableConfig), (24 bytes).
    Removing stm32f10x_tim.o(i.TIM_UpdateRequestConfig), (24 bytes).
    Removing stm32f10x_usart.o(i.USART_ClearFlag), (18 bytes).
    Removing stm32f10x_usart.o(i.USART_ClockInit), (34 bytes).
    Removing stm32f10x_usart.o(i.USART_ClockStructInit), (12 bytes).
    Removing stm32f10x_usart.o(i.USART_Cmd), (24 bytes).
    Removing stm32f10x_usart.o(i.USART_DMACmd), (18 bytes).
    Removing stm32f10x_usart.o(i.USART_DeInit), (156 bytes).
    Removing stm32f10x_usart.o(i.USART_GetITStatus), (84 bytes).
    Removing stm32f10x_usart.o(i.USART_HalfDuplexCmd), (24 bytes).
    Removing stm32f10x_usart.o(i.USART_ITConfig), (74 bytes).
    Removing stm32f10x_usart.o(i.USART_Init), (216 bytes).
    Removing stm32f10x_usart.o(i.USART_IrDACmd), (24 bytes).
    Removing stm32f10x_usart.o(i.USART_IrDAConfig), (18 bytes).
    Removing stm32f10x_usart.o(i.USART_LINBreakDetectLengthConfig), (18 bytes).
    Removing stm32f10x_usart.o(i.USART_LINCmd), (24 bytes).
    Removing stm32f10x_usart.o(i.USART_OneBitMethodCmd), (24 bytes).
    Removing stm32f10x_usart.o(i.USART_OverSampling8Cmd), (22 bytes).
    Removing stm32f10x_usart.o(i.USART_ReceiverWakeUpCmd), (24 bytes).
    Removing stm32f10x_usart.o(i.USART_SendBreak), (10 bytes).
    Removing stm32f10x_usart.o(i.USART_SendData), (8 bytes).
    Removing stm32f10x_usart.o(i.USART_SetAddress), (18 bytes).
    Removing stm32f10x_usart.o(i.USART_SetGuardTime), (16 bytes).
    Removing stm32f10x_usart.o(i.USART_SetPrescaler), (16 bytes).
    Removing stm32f10x_usart.o(i.USART_SmartCardCmd), (24 bytes).
    Removing stm32f10x_usart.o(i.USART_SmartCardNACKCmd), (24 bytes).
    Removing stm32f10x_usart.o(i.USART_StructInit), (24 bytes).
    Removing stm32f10x_usart.o(i.USART_WakeUpConfig), (18 bytes).
    Removing stm32f10x_wwdg.o(i.WWDG_DeInit), (22 bytes).
    Removing stm32f10x_wwdg.o(i.WWDG_Enable), (16 bytes).
    Removing stm32f10x_wwdg.o(i.WWDG_EnableIT), (12 bytes).
    Removing stm32f10x_wwdg.o(i.WWDG_GetFlagStatus), (12 bytes).
    Removing stm32f10x_wwdg.o(i.WWDG_SetPrescaler), (24 bytes).
    Removing stm32f10x_wwdg.o(i.WWDG_SetWindowValue), (40 bytes).
    Removing delay.o(i.Delay_s), (24 bytes).
    Removing timer.o(i.Timer_GetCounter), (12 bytes).
    Removing timer.o(i.Timer_Init), (168 bytes).
    Removing led.o(i.LED1_OFF), (20 bytes).
    Removing led.o(i.LED1_ON), (20 bytes).
    Removing led.o(i.LED1_Turn), (44 bytes).
    Removing led.o(i.LED2_OFF), (20 bytes).
    Removing led.o(i.LED2_ON), (20 bytes).
    Removing led.o(i.LED2_Turn), (44 bytes).
    Removing led.o(i.LED7_OFF), (20 bytes).
    Removing led.o(i.LED7_ON), (20 bytes).
    Removing led.o(i.LED7_Turn), (44 bytes).
    Removing led.o(i.LED8_OFF), (20 bytes).
    Removing led.o(i.LED8_ON), (20 bytes).
    Removing led.o(i.LED8_Turn), (44 bytes).
    Removing led.o(i.LED_Init), (68 bytes).
    Removing oled.o(i.OLED_ShowBinNum), (62 bytes).
    Removing oled.o(i.OLED_ShowHexNum), (84 bytes).
    Removing oled.o(i.OLED_ShowSignedNum), (102 bytes).
    Removing pwm.o(i.PWM_Init), (164 bytes).
    Removing pwm.o(i.PWM_SetCompare3), (16 bytes).
    Removing pwm.o(i.PWM_SetCompare4), (16 bytes).
    Removing pwm.o(i.PWM_SetPrescaler), (16 bytes).
    Removing ic.o(i.IC_GetDuty), (36 bytes).
    Removing ic.o(i.IC_GetFreq), (28 bytes).
    Removing ic.o(i.IC_Init), (160 bytes).
    Removing usart.o(i.Usaert1_SendPacket), (28 bytes).
    Removing usart.o(i.Usart1_GetRxData), (12 bytes).
    Removing usart.o(i.Usart1_GetRxFlag), (28 bytes).
    Removing usart.o(i.Usart1_Init), (176 bytes).
    Removing usart.o(i.Usart1_Pow), (20 bytes).
    Removing usart.o(i.Usart1_SendArray), (26 bytes).
    Removing usart.o(i.Usart1_SendByte), (32 bytes).
    Removing usart.o(i.Usart1_SendNum), (58 bytes).
    Removing usart.o(i.Usart1_SendString), (26 bytes).
    Removing usart.o(i._sys_exit), (4 bytes).
    Removing usart.o(i.fputc), (16 bytes).
    Removing usart.o(.bss), (100 bytes).
    Removing wdg.o(i.Iwdg_Feed), (8 bytes).
    Removing wdg.o(i.Iwdg_Init), (34 bytes).
    Removing wdg.o(i.Wwdg_Init), (68 bytes).
    Removing motor.o(i.Car_TransLeft), (38 bytes).
    Removing motor.o(i.Car_TransRight), (38 bytes).
    Removing motor.o(i.Car_TurnLeft), (38 bytes).
    Removing sensor.o(i.Sensor_Init), (44 bytes).
    Removing ps2.o(i.PS2_ClearData), (24 bytes).
    Removing ps2.o(i.PS2_Vibration), (82 bytes).
    Removing ps2.o(i.PS2_VibrationMode), (54 bytes).

491 unused section(s) (total 20400 bytes) removed from the image.

==============================================================================

Image Symbol Table

    Local Symbols

    Symbol Name                              Value     Ov Type        Size  Object(Section)

    ../clib/microlib/init/entry.s            0x00000000   Number         0  entry5.o ABSOLUTE
    ../clib/microlib/init/entry.s            0x00000000   Number         0  entry12b.o ABSOLUTE
    ../clib/microlib/init/entry.s            0x00000000   Number         0  entry.o ABSOLUTE
    ../clib/microlib/init/entry.s            0x00000000   Number         0  entry12a.o ABSOLUTE
    ../clib/microlib/init/entry.s            0x00000000   Number         0  entry7a.o ABSOLUTE
    ../clib/microlib/init/entry.s            0x00000000   Number         0  entry11b.o ABSOLUTE
    ../clib/microlib/init/entry.s            0x00000000   Number         0  entry11a.o ABSOLUTE
    ../clib/microlib/init/entry.s            0x00000000   Number         0  entry7b.o ABSOLUTE
    ../clib/microlib/init/entry.s            0x00000000   Number         0  entry10b.o ABSOLUTE
    ../clib/microlib/init/entry.s            0x00000000   Number         0  entry10a.o ABSOLUTE
    ../clib/microlib/init/entry.s            0x00000000   Number         0  entry8a.o ABSOLUTE
    ../clib/microlib/init/entry.s            0x00000000   Number         0  entry8b.o ABSOLUTE
    ../clib/microlib/init/entry.s            0x00000000   Number         0  entry9a.o ABSOLUTE
    ../clib/microlib/init/entry.s            0x00000000   Number         0  entry9b.o ABSOLUTE
    ../clib/microlib/init/entry.s            0x00000000   Number         0  entry2.o ABSOLUTE
    ../clib/microlib/stubs.s                 0x00000000   Number         0  iusefp.o ABSOLUTE
    ../clib/microlib/stubs.s                 0x00000000   Number         0  useno.o ABSOLUTE
    ../fplib/microlib/fpadd.c                0x00000000   Number         0  fadd.o ABSOLUTE
    ../fplib/microlib/fpdiv.c                0x00000000   Number         0  fdiv.o ABSOLUTE
    ../fplib/microlib/fpepilogue.c           0x00000000   Number         0  fepilogue.o ABSOLUTE
    ../fplib/microlib/fpfix.c                0x00000000   Number         0  ffixi.o ABSOLUTE
    ../fplib/microlib/fpfix.c                0x00000000   Number         0  ffixui.o ABSOLUTE
    ../fplib/microlib/fpflt.c                0x00000000   Number         0  ffltui.o ABSOLUTE
    ../fplib/microlib/fpmul.c                0x00000000   Number         0  fmul.o ABSOLUTE
    Hardware\HC_SR04.c                       0x00000000   Number         0  hc_sr04.o ABSOLUTE
    Hardware\IC.c                            0x00000000   Number         0  ic.o ABSOLUTE
    Hardware\LED.c                           0x00000000   Number         0  led.o ABSOLUTE
    Hardware\Motor.c                         0x00000000   Number         0  motor.o ABSOLUTE
    Hardware\OLED.c                          0x00000000   Number         0  oled.o ABSOLUTE
    Hardware\PWM.c                           0x00000000   Number         0  pwm.o ABSOLUTE
    Hardware\Sensor.c                        0x00000000   Number         0  sensor.o ABSOLUTE
    Hardware\Servo.c                         0x00000000   Number         0  servo.o ABSOLUTE
    Hardware\Usart.c                         0x00000000   Number         0  usart.o ABSOLUTE
    Hardware\Wdg.c                           0x00000000   Number         0  wdg.o ABSOLUTE
    Hardware\key.c                           0x00000000   Number         0  key.o ABSOLUTE
    Hardware\ps2.c                           0x00000000   Number         0  ps2.o ABSOLUTE
    Library\src\misc.c                       0x00000000   Number         0  misc.o ABSOLUTE
    Library\src\stm32f10x_adc.c              0x00000000   Number         0  stm32f10x_adc.o ABSOLUTE
    Library\src\stm32f10x_bkp.c              0x00000000   Number         0  stm32f10x_bkp.o ABSOLUTE
    Library\src\stm32f10x_can.c              0x00000000   Number         0  stm32f10x_can.o ABSOLUTE
    Library\src\stm32f10x_cec.c              0x00000000   Number         0  stm32f10x_cec.o ABSOLUTE
    Library\src\stm32f10x_crc.c              0x00000000   Number         0  stm32f10x_crc.o ABSOLUTE
    Library\src\stm32f10x_dac.c              0x00000000   Number         0  stm32f10x_dac.o ABSOLUTE
    Library\src\stm32f10x_dbgmcu.c           0x00000000   Number         0  stm32f10x_dbgmcu.o ABSOLUTE
    Library\src\stm32f10x_dma.c              0x00000000   Number         0  stm32f10x_dma.o ABSOLUTE
    Library\src\stm32f10x_exti.c             0x00000000   Number         0  stm32f10x_exti.o ABSOLUTE
    Library\src\stm32f10x_flash.c            0x00000000   Number         0  stm32f10x_flash.o ABSOLUTE
    Library\src\stm32f10x_fsmc.c             0x00000000   Number         0  stm32f10x_fsmc.o ABSOLUTE
    Library\src\stm32f10x_gpio.c             0x00000000   Number         0  stm32f10x_gpio.o ABSOLUTE
    Library\src\stm32f10x_i2c.c              0x00000000   Number         0  stm32f10x_i2c.o ABSOLUTE
    Library\src\stm32f10x_iwdg.c             0x00000000   Number         0  stm32f10x_iwdg.o ABSOLUTE
    Library\src\stm32f10x_pwr.c              0x00000000   Number         0  stm32f10x_pwr.o ABSOLUTE
    Library\src\stm32f10x_rcc.c              0x00000000   Number         0  stm32f10x_rcc.o ABSOLUTE
    Library\src\stm32f10x_rtc.c              0x00000000   Number         0  stm32f10x_rtc.o ABSOLUTE
    Library\src\stm32f10x_sdio.c             0x00000000   Number         0  stm32f10x_sdio.o ABSOLUTE
    Library\src\stm32f10x_spi.c              0x00000000   Number         0  stm32f10x_spi.o ABSOLUTE
    Library\src\stm32f10x_tim.c              0x00000000   Number         0  stm32f10x_tim.o ABSOLUTE
    Library\src\stm32f10x_usart.c            0x00000000   Number         0  stm32f10x_usart.o ABSOLUTE
    Library\src\stm32f10x_wwdg.c             0x00000000   Number         0  stm32f10x_wwdg.o ABSOLUTE
    Start\\core_cm3.c                        0x00000000   Number         0  core_cm3.o ABSOLUTE
    Start\core_cm3.c                         0x00000000   Number         0  core_cm3.o ABSOLUTE
    Start\startup_stm32f10x_md.s             0x00000000   Number         0  startup_stm32f10x_md.o ABSOLUTE
    Start\system_stm32f10x.c                 0x00000000   Number         0  system_stm32f10x.o ABSOLUTE
    System\Delay.c                           0x00000000   Number         0  delay.o ABSOLUTE
    System\Timer.c                           0x00000000   Number         0  timer.o ABSOLUTE
    User\follow\follow.c                     0x00000000   Number         0  follow.o ABSOLUTE
    User\main.c                              0x00000000   Number         0  main.o ABSOLUTE
    User\obstacle_avoidance\obstacle_avoidance.c 0x00000000   Number         0  obstacle_avoidance.o ABSOLUTE
    User\remote_control\remote_control.c     0x00000000   Number         0  remote_control.o ABSOLUTE
    User\stm32f10x_it.c                      0x00000000   Number         0  stm32f10x_it.o ABSOLUTE
    User\tracking\tracking.c                 0x00000000   Number         0  tracking.o ABSOLUTE
    dc.s                                     0x00000000   Number         0  dc.o ABSOLUTE
    handlers.s                               0x00000000   Number         0  handlers.o ABSOLUTE
    init.s                                   0x00000000   Number         0  init.o ABSOLUTE
    RESET                                    0x08000000   Section      236  startup_stm32f10x_md.o(RESET)
    .ARM.Collect$$$$00000000                 0x080000ec   Section        0  entry.o(.ARM.Collect$$$$00000000)
    .ARM.Collect$$$$00000001                 0x080000ec   Section        4  entry2.o(.ARM.Collect$$$$00000001)
    .ARM.Collect$$$$00000004                 0x080000f0   Section        4  entry5.o(.ARM.Collect$$$$00000004)
    .ARM.Collect$$$$00000008                 0x080000f4   Section        0  entry7b.o(.ARM.Collect$$$$00000008)
    .ARM.Collect$$$$0000000A                 0x080000f4   Section        0  entry8b.o(.ARM.Collect$$$$0000000A)
    .ARM.Collect$$$$0000000B                 0x080000f4   Section        8  entry9a.o(.ARM.Collect$$$$0000000B)
    .ARM.Collect$$$$0000000E                 0x080000fc   Section        4  entry12b.o(.ARM.Collect$$$$0000000E)
    .ARM.Collect$$$$0000000F                 0x08000100   Section        0  entry10a.o(.ARM.Collect$$$$0000000F)
    .ARM.Collect$$$$00000011                 0x08000100   Section        0  entry11a.o(.ARM.Collect$$$$00000011)
    .ARM.Collect$$$$00002712                 0x08000100   Section        4  entry2.o(.ARM.Collect$$$$00002712)
    __lit__00000000                          0x08000100   Data           4  entry2.o(.ARM.Collect$$$$00002712)
    .text                                    0x08000104   Section       36  startup_stm32f10x_md.o(.text)
    .text                                    0x08000128   Section        0  fadd.o(.text)
    .text                                    0x080001d8   Section        0  fmul.o(.text)
    .text                                    0x0800023c   Section        0  fdiv.o(.text)
    .text                                    0x080002b8   Section        0  ffltui.o(.text)
    .text                                    0x080002c2   Section        0  ffixi.o(.text)
    .text                                    0x080002f4   Section        0  ffixui.o(.text)
    .text                                    0x0800031c   Section        0  iusefp.o(.text)
    .text                                    0x0800031c   Section        0  fepilogue.o(.text)
    .text                                    0x0800038c   Section       36  init.o(.text)
    i.Arc_ServoPwm_Set                       0x080003b0   Section        0  servo.o(i.Arc_ServoPwm_Set)
    i.Arc_Servo_Param_Get                    0x080003d4   Section        0  servo.o(i.Arc_Servo_Param_Get)
    i.BusFault_Handler                       0x080003fc   Section        0  stm32f10x_it.o(i.BusFault_Handler)
    i.Car_Backward                           0x08000400   Section        0  motor.o(i.Car_Backward)
    i.Car_Forward                            0x08000426   Section        0  motor.o(i.Car_Forward)
    i.Car_Stop                               0x0800044c   Section        0  motor.o(i.Car_Stop)
    i.Car_TurnRight                          0x08000470   Section        0  motor.o(i.Car_TurnRight)
    i.DebugMon_Handler                       0x08000496   Section        0  stm32f10x_it.o(i.DebugMon_Handler)
    i.Delay_ms                               0x08000498   Section        0  delay.o(i.Delay_ms)
    i.Delay_us                               0x080004b0   Section        0  delay.o(i.Delay_us)
    i.EXTI0_IRQHandler                       0x080004e0   Section        0  key.o(i.EXTI0_IRQHandler)
    i.EXTI1_IRQHandler                       0x0800050c   Section        0  key.o(i.EXTI1_IRQHandler)
    i.EXTI4_IRQHandler                       0x08000538   Section        0  key.o(i.EXTI4_IRQHandler)
    i.EXTI9_5_IRQHandler                     0x08000564   Section        0  key.o(i.EXTI9_5_IRQHandler)
    i.EXTI_ClearITPendingBit                 0x08000590   Section        0  stm32f10x_exti.o(i.EXTI_ClearITPendingBit)
    i.EXTI_GetITStatus                       0x0800059c   Section        0  stm32f10x_exti.o(i.EXTI_GetITStatus)
    i.EXTI_Init                              0x080005c4   Section        0  stm32f10x_exti.o(i.EXTI_Init)
    i.GPIO_EXTILineConfig                    0x08000658   Section        0  stm32f10x_gpio.o(i.GPIO_EXTILineConfig)
    i.GPIO_Init                              0x08000698   Section        0  stm32f10x_gpio.o(i.GPIO_Init)
    i.GPIO_ReadInputDataBit                  0x080007ae   Section        0  stm32f10x_gpio.o(i.GPIO_ReadInputDataBit)
    i.GPIO_ResetBits                         0x080007c0   Section        0  stm32f10x_gpio.o(i.GPIO_ResetBits)
    i.GPIO_SetBits                           0x080007c4   Section        0  stm32f10x_gpio.o(i.GPIO_SetBits)
    i.GPIO_WriteBit                          0x080007c8   Section        0  stm32f10x_gpio.o(i.GPIO_WriteBit)
    i.HC_SR04GPIO_Init                       0x080007d4   Section        0  hc_sr04.o(i.HC_SR04GPIO_Init)
    i.HC_SR04Init                            0x08000824   Section        0  hc_sr04.o(i.HC_SR04Init)
    i.HC_SR04TIM_Init                        0x08000830   Section        0  hc_sr04.o(i.HC_SR04TIM_Init)
    i.HardFault_Handler                      0x080008a0   Section        0  stm32f10x_it.o(i.HardFault_Handler)
    i.Key_Init                               0x080008a4   Section        0  key.o(i.Key_Init)
    i.MemManage_Handler                      0x08000984   Section        0  stm32f10x_it.o(i.MemManage_Handler)
    i.Motor1_SetSpeed                        0x08000988   Section        0  motor.o(i.Motor1_SetSpeed)
    i.Motor2_SetSpeed                        0x080009c8   Section        0  motor.o(i.Motor2_SetSpeed)
    i.Motor3_SetSpeed                        0x08000a08   Section        0  motor.o(i.Motor3_SetSpeed)
    i.Motor4_SetSpeed                        0x08000a44   Section        0  motor.o(i.Motor4_SetSpeed)
    i.Motor_Init                             0x08000a80   Section        0  motor.o(i.Motor_Init)
    i.NMI_Handler                            0x08000be0   Section        0  stm32f10x_it.o(i.NMI_Handler)
    i.NVIC_Init                              0x08000be4   Section        0  misc.o(i.NVIC_Init)
    i.NVIC_PriorityGroupConfig               0x08000c54   Section        0  misc.o(i.NVIC_PriorityGroupConfig)
    i.OLED_Clear                             0x08000c68   Section        0  oled.o(i.OLED_Clear)
    i.OLED_I2C_Init                          0x08000c94   Section        0  oled.o(i.OLED_I2C_Init)
    i.OLED_I2C_SendByte                      0x08000ce4   Section        0  oled.o(i.OLED_I2C_SendByte)
    i.OLED_I2C_Start                         0x08000d38   Section        0  oled.o(i.OLED_I2C_Start)
    i.OLED_I2C_Stop                          0x08000d6c   Section        0  oled.o(i.OLED_I2C_Stop)
    i.OLED_Init                              0x08000d94   Section        0  oled.o(i.OLED_Init)
    i.OLED_Pow                               0x08000e42   Section        0  oled.o(i.OLED_Pow)
    i.OLED_SetCursor                         0x08000e56   Section        0  oled.o(i.OLED_SetCursor)
    i.OLED_ShowChar                          0x08000e78   Section        0  oled.o(i.OLED_ShowChar)
    i.OLED_ShowNum                           0x08000eec   Section        0  oled.o(i.OLED_ShowNum)
    i.OLED_ShowString                        0x08000f30   Section        0  oled.o(i.OLED_ShowString)
    i.OLED_WriteCommand                      0x08000f58   Section        0  oled.o(i.OLED_WriteCommand)
    i.OLED_WriteData                         0x08000f78   Section        0  oled.o(i.OLED_WriteData)
    i.Obstacle_Avoidance                     0x08000f98   Section        0  obstacle_avoidance.o(i.Obstacle_Avoidance)
    i.PS2_CS_H                               0x08000ff0   Section        0  ps2.o(i.PS2_CS_H)
    i.PS2_CS_L                               0x08001000   Section        0  ps2.o(i.PS2_CS_L)
    i.PS2_Cmd                                0x08001010   Section        0  ps2.o(i.PS2_Cmd)
    i.PS2_DI                                 0x08001068   Section        0  ps2.o(i.PS2_DI)
    i.PS2_DO_H                               0x0800107c   Section        0  ps2.o(i.PS2_DO_H)
    i.PS2_DO_L                               0x0800108c   Section        0  ps2.o(i.PS2_DO_L)
    i.PS2_Delay_US                           0x0800109c   Section        0  ps2.o(i.PS2_Delay_US)
    i.PS2_EnterConfing                       0x080010a6   Section        0  ps2.o(i.PS2_EnterConfing)
    i.PS2_ExitConfing                        0x080010f4   Section        0  ps2.o(i.PS2_ExitConfing)
    i.PS2_GPIO_Init                          0x08001144   Section        0  ps2.o(i.PS2_GPIO_Init)
    i.PS2_Init                               0x08001188   Section        0  ps2.o(i.PS2_Init)
    i.PS2_ReadData                           0x080011b4   Section        0  ps2.o(i.PS2_ReadData)
    i.PS2_SCK_H                              0x08001200   Section        0  ps2.o(i.PS2_SCK_H)
    i.PS2_SCK_L                              0x08001210   Section        0  ps2.o(i.PS2_SCK_L)
    i.PS2_ShortPoll                          0x08001220   Section        0  ps2.o(i.PS2_ShortPoll)
    i.PS2_TurnOnAnalogMode                   0x08001256   Section        0  ps2.o(i.PS2_TurnOnAnalogMode)
    i.PendSV_Handler                         0x080012a4   Section        0  stm32f10x_it.o(i.PendSV_Handler)
    i.RCC_APB1PeriphClockCmd                 0x080012a8   Section        0  stm32f10x_rcc.o(i.RCC_APB1PeriphClockCmd)
    i.RCC_APB2PeriphClockCmd                 0x080012c8   Section        0  stm32f10x_rcc.o(i.RCC_APB2PeriphClockCmd)
    i.Remote_Control                         0x080012e8   Section        0  remote_control.o(i.Remote_Control)
    i.RobotArm_DropHand                      0x0800156c   Section        0  servo.o(i.RobotArm_DropHand)
    i.RobotArm_LetHand                       0x08001584   Section        0  servo.o(i.RobotArm_LetHand)
    i.RobotArm_RaiseHand                     0x0800159c   Section        0  servo.o(i.RobotArm_RaiseHand)
    i.RobotArm_ShakeHand                     0x080015b4   Section        0  servo.o(i.RobotArm_ShakeHand)
    i.RobotArm_ShinkHand                     0x080015cc   Section        0  servo.o(i.RobotArm_ShinkHand)
    i.RobotArm_StrechHand                    0x080015e4   Section        0  servo.o(i.RobotArm_StrechHand)
    i.Robot_Arm_Gpio_Init                    0x080015fc   Section        0  servo.o(i.Robot_Arm_Gpio_Init)
    i.Robot_LeftPwm_Set                      0x08001634   Section        0  servo.o(i.Robot_LeftPwm_Set)
    i.Robot_RightPwm_Set                     0x08001658   Section        0  servo.o(i.Robot_RightPwm_Set)
    i.Robot_UpPwm_Set                        0x0800167c   Section        0  servo.o(i.Robot_UpPwm_Set)
    i.SVC_Handler                            0x080016a0   Section        0  stm32f10x_it.o(i.SVC_Handler)
    i.Sensor0_Get_State                      0x080016a4   Section        0  sensor.o(i.Sensor0_Get_State)
    i.Sensor1_Get_State                      0x080016b4   Section        0  sensor.o(i.Sensor1_Get_State)
    i.Sensor2_Get_State                      0x080016c4   Section        0  sensor.o(i.Sensor2_Get_State)
    i.Sensor3_Get_State                      0x080016d4   Section        0  sensor.o(i.Sensor3_Get_State)
    i.Servo_Gpio_Init                        0x080016e4   Section        0  servo.o(i.Servo_Gpio_Init)
    i.Servo_Init                             0x08001718   Section        0  servo.o(i.Servo_Init)
    i.Servo_Time_Init                        0x08001734   Section        0  servo.o(i.Servo_Time_Init)
    i.SetSysClock                            0x080017a8   Section        0  system_stm32f10x.o(i.SetSysClock)
    SetSysClock                              0x080017a9   Thumb Code     8  system_stm32f10x.o(i.SetSysClock)
    i.SetSysClockTo72                        0x080017b0   Section        0  system_stm32f10x.o(i.SetSysClockTo72)
    SetSysClockTo72                          0x080017b1   Thumb Code   214  system_stm32f10x.o(i.SetSysClockTo72)
    i.Sonar                                  0x08001890   Section        0  hc_sr04.o(i.Sonar)
    i.Sonar_Measure                          0x08001934   Section        0  main.o(i.Sonar_Measure)
    i.SysTick_Handler                        0x0800197a   Section        0  stm32f10x_it.o(i.SysTick_Handler)
    i.SystemInit                             0x0800197c   Section        0  system_stm32f10x.o(i.SystemInit)
    i.TIM1_UP_IRQHandler                     0x080019dc   Section        0  servo.o(i.TIM1_UP_IRQHandler)
    i.TIM3_IRQHandler                        0x08001ab0   Section        0  hc_sr04.o(i.TIM3_IRQHandler)
    i.TIM_ClearFlag                          0x08001adc   Section        0  stm32f10x_tim.o(i.TIM_ClearFlag)
    i.TIM_ClearITPendingBit                  0x08001ae2   Section        0  stm32f10x_tim.o(i.TIM_ClearITPendingBit)
    i.TIM_Cmd                                0x08001ae8   Section        0  stm32f10x_tim.o(i.TIM_Cmd)
    i.TIM_GetITStatus                        0x08001b00   Section        0  stm32f10x_tim.o(i.TIM_GetITStatus)
    i.TIM_ITConfig                           0x08001b22   Section        0  stm32f10x_tim.o(i.TIM_ITConfig)
    i.TIM_InternalClockConfig                0x08001b34   Section        0  stm32f10x_tim.o(i.TIM_InternalClockConfig)
    i.TIM_OC1Init                            0x08001b40   Section        0  stm32f10x_tim.o(i.TIM_OC1Init)
    i.TIM_OC2Init                            0x08001bd8   Section        0  stm32f10x_tim.o(i.TIM_OC2Init)
    i.TIM_OC3Init                            0x08001c7c   Section        0  stm32f10x_tim.o(i.TIM_OC3Init)
    i.TIM_OC4Init                            0x08001d1c   Section        0  stm32f10x_tim.o(i.TIM_OC4Init)
    i.TIM_OCStructInit                       0x08001d98   Section        0  stm32f10x_tim.o(i.TIM_OCStructInit)
    i.TIM_SetCompare1                        0x08001dac   Section        0  stm32f10x_tim.o(i.TIM_SetCompare1)
    i.TIM_SetCompare2                        0x08001db0   Section        0  stm32f10x_tim.o(i.TIM_SetCompare2)
    i.TIM_SetCompare3                        0x08001db4   Section        0  stm32f10x_tim.o(i.TIM_SetCompare3)
    i.TIM_SetCompare4                        0x08001db8   Section        0  stm32f10x_tim.o(i.TIM_SetCompare4)
    i.TIM_TimeBaseInit                       0x08001dc0   Section        0  stm32f10x_tim.o(i.TIM_TimeBaseInit)
    i.USART1_IRQHandler                      0x08001e64   Section        0  usart.o(i.USART1_IRQHandler)
    i.USART_ClearITPendingBit                0x08001e98   Section        0  stm32f10x_usart.o(i.USART_ClearITPendingBit)
    i.USART_GetFlagStatus                    0x08001eb6   Section        0  stm32f10x_usart.o(i.USART_GetFlagStatus)
    i.USART_ReceiveData                      0x08001ed0   Section        0  stm32f10x_usart.o(i.USART_ReceiveData)
    i.UsageFault_Handler                     0x08001eda   Section        0  stm32f10x_it.o(i.UsageFault_Handler)
    i.WWDG_ClearFlag                         0x08001ee0   Section        0  stm32f10x_wwdg.o(i.WWDG_ClearFlag)
    i.WWDG_IRQHandler                        0x08001eec   Section        0  wdg.o(i.WWDG_IRQHandler)
    i.WWDG_SetCounter                        0x08001f18   Section        0  stm32f10x_wwdg.o(i.WWDG_SetCounter)
    i.__scatterload_copy                     0x08001f28   Section       14  handlers.o(i.__scatterload_copy)
    i.__scatterload_null                     0x08001f36   Section        2  handlers.o(i.__scatterload_null)
    i.__scatterload_zeroinit                 0x08001f38   Section       14  handlers.o(i.__scatterload_zeroinit)
    i.follow_function                        0x08001f46   Section        0  follow.o(i.follow_function)
    i.main                                   0x08001f94   Section        0  main.o(i.main)
    i.ps2_get_anolog_data                    0x08002048   Section        0  ps2.o(i.ps2_get_anolog_data)
    i.ps2_get_key_state                      0x08002054   Section        0  ps2.o(i.ps2_get_key_state)
    i.ps2_key_serch                          0x08002070   Section        0  ps2.o(i.ps2_key_serch)
    i.ps2_mode_get                           0x080020d4   Section        0  ps2.o(i.ps2_mode_get)
    i.track                                  0x08002108   Section        0  tracking.o(i.track)
    .constdata                               0x0800224c   Section     1520  oled.o(.constdata)
    .data                                    0x20000000   Section        1  key.o(.data)
    .data                                    0x20000004   Section       12  usart.o(.data)
    .data                                    0x20000010   Section        1  wdg.o(.data)
    .data                                    0x20000012   Section        2  hc_sr04.o(.data)
    .data                                    0x20000014   Section       18  servo.o(.data)
    .data                                    0x20000028   Section      144  ps2.o(.data)
    .data                                    0x200000b8   Section        6  main.o(.data)
    .data                                    0x200000be   Section        8  tracking.o(.data)
    .bss                                     0x200000c8   Section       21  ps2.o(.bss)
    STACK                                    0x200000e0   Section     1024  startup_stm32f10x_md.o(STACK)

    Global Symbols

    Symbol Name                              Value     Ov Type        Size  Object(Section)

    BuildAttributes$$THM_ISAv4$P$D$K$B$S$PE$A:L22UL41UL21$X:L11$S22US41US21$IEEE1$IW$USESV6$~STKCKD$USESV7$~SHL$OTIME$ROPI$EBA8$MICROLIB$REQ8$PRES8$EABIv2 0x00000000   Number         0  anon$$obj.o ABSOLUTE
    __ARM_use_no_argv                        0x00000000   Number         0  main.o ABSOLUTE
    __use_no_errno                           0x00000000   Number         0  useno.o ABSOLUTE
    __use_no_exception_handling              0x00000000   Number         0  useno.o ABSOLUTE
    __use_no_fp                              0x00000000   Number         0  useno.o ABSOLUTE
    __use_no_heap                            0x00000000   Number         0  useno.o ABSOLUTE
    __use_no_heap_region                     0x00000000   Number         0  useno.o ABSOLUTE
    __use_no_semihosting                     0x00000000   Number         0  useno.o ABSOLUTE
    __use_no_semihosting_swi                 0x00000000   Number         0  useno.o ABSOLUTE
    __use_no_signal_handling                 0x00000000   Number         0  useno.o ABSOLUTE
    __arm_fini_                               - Undefined Weak Reference
    __cpp_initialize__aeabi_                  - Undefined Weak Reference
    __cxa_finalize                            - Undefined Weak Reference
    __decompress                              - Undefined Weak Reference
    _clock_init                               - Undefined Weak Reference
    _microlib_exit                            - Undefined Weak Reference
    __Vectors_Size                           0x000000ec   Number         0  startup_stm32f10x_md.o ABSOLUTE
    __Vectors                                0x08000000   Data           4  startup_stm32f10x_md.o(RESET)
    __Vectors_End                            0x080000ec   Data           0  startup_stm32f10x_md.o(RESET)
    __main                                   0x080000ed   Thumb Code     0  entry.o(.ARM.Collect$$$$00000000)
    _main_stk                                0x080000ed   Thumb Code     0  entry2.o(.ARM.Collect$$$$00000001)
    _main_scatterload                        0x080000f1   Thumb Code     0  entry5.o(.ARM.Collect$$$$00000004)
    __main_after_scatterload                 0x080000f5   Thumb Code     0  entry5.o(.ARM.Collect$$$$00000004)
    _main_clock                              0x080000f5   Thumb Code     0  entry7b.o(.ARM.Collect$$$$00000008)
    _main_cpp_init                           0x080000f5   Thumb Code     0  entry8b.o(.ARM.Collect$$$$0000000A)
    _main_init                               0x080000f5   Thumb Code     0  entry9a.o(.ARM.Collect$$$$0000000B)
    __rt_lib_shutdown_fini                   0x080000fd   Thumb Code     0  entry12b.o(.ARM.Collect$$$$0000000E)
    __rt_final_cpp                           0x08000101   Thumb Code     0  entry10a.o(.ARM.Collect$$$$0000000F)
    __rt_final_exit                          0x08000101   Thumb Code     0  entry11a.o(.ARM.Collect$$$$00000011)
    Reset_Handler                            0x08000105   Thumb Code     8  startup_stm32f10x_md.o(.text)
    ADC1_2_IRQHandler                        0x0800011f   Thumb Code     0  startup_stm32f10x_md.o(.text)
    CAN1_RX1_IRQHandler                      0x0800011f   Thumb Code     0  startup_stm32f10x_md.o(.text)
    CAN1_SCE_IRQHandler                      0x0800011f   Thumb Code     0  startup_stm32f10x_md.o(.text)
    DMA1_Channel1_IRQHandler                 0x0800011f   Thumb Code     0  startup_stm32f10x_md.o(.text)
    DMA1_Channel2_IRQHandler                 0x0800011f   Thumb Code     0  startup_stm32f10x_md.o(.text)
    DMA1_Channel3_IRQHandler                 0x0800011f   Thumb Code     0  startup_stm32f10x_md.o(.text)
    DMA1_Channel4_IRQHandler                 0x0800011f   Thumb Code     0  startup_stm32f10x_md.o(.text)
    DMA1_Channel5_IRQHandler                 0x0800011f   Thumb Code     0  startup_stm32f10x_md.o(.text)
    DMA1_Channel6_IRQHandler                 0x0800011f   Thumb Code     0  startup_stm32f10x_md.o(.text)
    DMA1_Channel7_IRQHandler                 0x0800011f   Thumb Code     0  startup_stm32f10x_md.o(.text)
    EXTI15_10_IRQHandler                     0x0800011f   Thumb Code     0  startup_stm32f10x_md.o(.text)
    EXTI2_IRQHandler                         0x0800011f   Thumb Code     0  startup_stm32f10x_md.o(.text)
    EXTI3_IRQHandler                         0x0800011f   Thumb Code     0  startup_stm32f10x_md.o(.text)
    FLASH_IRQHandler                         0x0800011f   Thumb Code     0  startup_stm32f10x_md.o(.text)
    I2C1_ER_IRQHandler                       0x0800011f   Thumb Code     0  startup_stm32f10x_md.o(.text)
    I2C1_EV_IRQHandler                       0x0800011f   Thumb Code     0  startup_stm32f10x_md.o(.text)
    I2C2_ER_IRQHandler                       0x0800011f   Thumb Code     0  startup_stm32f10x_md.o(.text)
    I2C2_EV_IRQHandler                       0x0800011f   Thumb Code     0  startup_stm32f10x_md.o(.text)
    PVD_IRQHandler                           0x0800011f   Thumb Code     0  startup_stm32f10x_md.o(.text)
    RCC_IRQHandler                           0x0800011f   Thumb Code     0  startup_stm32f10x_md.o(.text)
    RTCAlarm_IRQHandler                      0x0800011f   Thumb Code     0  startup_stm32f10x_md.o(.text)
    RTC_IRQHandler                           0x0800011f   Thumb Code     0  startup_stm32f10x_md.o(.text)
    SPI1_IRQHandler                          0x0800011f   Thumb Code     0  startup_stm32f10x_md.o(.text)
    SPI2_IRQHandler                          0x0800011f   Thumb Code     0  startup_stm32f10x_md.o(.text)
    TAMPER_IRQHandler                        0x0800011f   Thumb Code     0  startup_stm32f10x_md.o(.text)
    TIM1_BRK_IRQHandler                      0x0800011f   Thumb Code     0  startup_stm32f10x_md.o(.text)
    TIM1_CC_IRQHandler                       0x0800011f   Thumb Code     0  startup_stm32f10x_md.o(.text)
    TIM1_TRG_COM_IRQHandler                  0x0800011f   Thumb Code     0  startup_stm32f10x_md.o(.text)
    TIM2_IRQHandler                          0x0800011f   Thumb Code     0  startup_stm32f10x_md.o(.text)
    TIM4_IRQHandler                          0x0800011f   Thumb Code     0  startup_stm32f10x_md.o(.text)
    USART2_IRQHandler                        0x0800011f   Thumb Code     0  startup_stm32f10x_md.o(.text)
    USART3_IRQHandler                        0x0800011f   Thumb Code     0  startup_stm32f10x_md.o(.text)
    USBWakeUp_IRQHandler                     0x0800011f   Thumb Code     0  startup_stm32f10x_md.o(.text)
    USB_HP_CAN1_TX_IRQHandler                0x0800011f   Thumb Code     0  startup_stm32f10x_md.o(.text)
    USB_LP_CAN1_RX0_IRQHandler               0x0800011f   Thumb Code     0  startup_stm32f10x_md.o(.text)
    __aeabi_fadd                             0x08000129   Thumb Code   164  fadd.o(.text)
    __aeabi_fsub                             0x080001cd   Thumb Code     6  fadd.o(.text)
    __aeabi_frsub                            0x080001d3   Thumb Code     6  fadd.o(.text)
    __aeabi_fmul                             0x080001d9   Thumb Code   100  fmul.o(.text)
    __aeabi_fdiv                             0x0800023d   Thumb Code   124  fdiv.o(.text)
    __aeabi_ui2f                             0x080002b9   Thumb Code    10  ffltui.o(.text)
    __aeabi_f2iz                             0x080002c3   Thumb Code    50  ffixi.o(.text)
    __aeabi_f2uiz                            0x080002f5   Thumb Code    40  ffixui.o(.text)
    __I$use$fp                               0x0800031d   Thumb Code     0  iusefp.o(.text)
    _float_round                             0x0800031d   Thumb Code    18  fepilogue.o(.text)
    _float_epilogue                          0x0800032f   Thumb Code    92  fepilogue.o(.text)
    __scatterload                            0x0800038d   Thumb Code    28  init.o(.text)
    __scatterload_rt2                        0x0800038d   Thumb Code     0  init.o(.text)
    Arc_ServoPwm_Set                         0x080003b1   Thumb Code    32  servo.o(i.Arc_ServoPwm_Set)
    Arc_Servo_Param_Get                      0x080003d5   Thumb Code    36  servo.o(i.Arc_Servo_Param_Get)
    BusFault_Handler                         0x080003fd   Thumb Code     4  stm32f10x_it.o(i.BusFault_Handler)
    Car_Backward                             0x08000401   Thumb Code    38  motor.o(i.Car_Backward)
    Car_Forward                              0x08000427   Thumb Code    38  motor.o(i.Car_Forward)
    Car_Stop                                 0x0800044d   Thumb Code    36  motor.o(i.Car_Stop)
    Car_TurnRight                            0x08000471   Thumb Code    38  motor.o(i.Car_TurnRight)
    DebugMon_Handler                         0x08000497   Thumb Code     2  stm32f10x_it.o(i.DebugMon_Handler)
    Delay_ms                                 0x08000499   Thumb Code    24  delay.o(i.Delay_ms)
    Delay_us                                 0x080004b1   Thumb Code    46  delay.o(i.Delay_us)
    EXTI0_IRQHandler                         0x080004e1   Thumb Code    36  key.o(i.EXTI0_IRQHandler)
    EXTI1_IRQHandler                         0x0800050d   Thumb Code    36  key.o(i.EXTI1_IRQHandler)
    EXTI4_IRQHandler                         0x08000539   Thumb Code    36  key.o(i.EXTI4_IRQHandler)
    EXTI9_5_IRQHandler                       0x08000565   Thumb Code    36  key.o(i.EXTI9_5_IRQHandler)
    EXTI_ClearITPendingBit                   0x08000591   Thumb Code     6  stm32f10x_exti.o(i.EXTI_ClearITPendingBit)
    EXTI_GetITStatus                         0x0800059d   Thumb Code    34  stm32f10x_exti.o(i.EXTI_GetITStatus)
    EXTI_Init                                0x080005c5   Thumb Code   142  stm32f10x_exti.o(i.EXTI_Init)
    GPIO_EXTILineConfig                      0x08000659   Thumb Code    60  stm32f10x_gpio.o(i.GPIO_EXTILineConfig)
    GPIO_Init                                0x08000699   Thumb Code   278  stm32f10x_gpio.o(i.GPIO_Init)
    GPIO_ReadInputDataBit                    0x080007af   Thumb Code    18  stm32f10x_gpio.o(i.GPIO_ReadInputDataBit)
    GPIO_ResetBits                           0x080007c1   Thumb Code     4  stm32f10x_gpio.o(i.GPIO_ResetBits)
    GPIO_SetBits                             0x080007c5   Thumb Code     4  stm32f10x_gpio.o(i.GPIO_SetBits)
    GPIO_WriteBit                            0x080007c9   Thumb Code    10  stm32f10x_gpio.o(i.GPIO_WriteBit)
    HC_SR04GPIO_Init                         0x080007d5   Thumb Code    72  hc_sr04.o(i.HC_SR04GPIO_Init)
    HC_SR04Init                              0x08000825   Thumb Code    12  hc_sr04.o(i.HC_SR04Init)
    HC_SR04TIM_Init                          0x08000831   Thumb Code   108  hc_sr04.o(i.HC_SR04TIM_Init)
    HardFault_Handler                        0x080008a1   Thumb Code     4  stm32f10x_it.o(i.HardFault_Handler)
    Key_Init                                 0x080008a5   Thumb Code   218  key.o(i.Key_Init)
    MemManage_Handler                        0x08000985   Thumb Code     4  stm32f10x_it.o(i.MemManage_Handler)
    Motor1_SetSpeed                          0x08000989   Thumb Code    64  motor.o(i.Motor1_SetSpeed)
    Motor2_SetSpeed                          0x080009c9   Thumb Code    64  motor.o(i.Motor2_SetSpeed)
    Motor3_SetSpeed                          0x08000a09   Thumb Code    56  motor.o(i.Motor3_SetSpeed)
    Motor4_SetSpeed                          0x08000a45   Thumb Code    56  motor.o(i.Motor4_SetSpeed)
    Motor_Init                               0x08000a81   Thumb Code   338  motor.o(i.Motor_Init)
    NMI_Handler                              0x08000be1   Thumb Code     2  stm32f10x_it.o(i.NMI_Handler)
    NVIC_Init                                0x08000be5   Thumb Code   100  misc.o(i.NVIC_Init)
    NVIC_PriorityGroupConfig                 0x08000c55   Thumb Code    10  misc.o(i.NVIC_PriorityGroupConfig)
    OLED_Clear                               0x08000c69   Thumb Code    42  oled.o(i.OLED_Clear)
    OLED_I2C_Init                            0x08000c95   Thumb Code    76  oled.o(i.OLED_I2C_Init)
    OLED_I2C_SendByte                        0x08000ce5   Thumb Code    80  oled.o(i.OLED_I2C_SendByte)
    OLED_I2C_Start                           0x08000d39   Thumb Code    48  oled.o(i.OLED_I2C_Start)
    OLED_I2C_Stop                            0x08000d6d   Thumb Code    36  oled.o(i.OLED_I2C_Stop)
    OLED_Init                                0x08000d95   Thumb Code   174  oled.o(i.OLED_Init)
    OLED_Pow                                 0x08000e43   Thumb Code    20  oled.o(i.OLED_Pow)
    OLED_SetCursor                           0x08000e57   Thumb Code    34  oled.o(i.OLED_SetCursor)
    OLED_ShowChar                            0x08000e79   Thumb Code   110  oled.o(i.OLED_ShowChar)
    OLED_ShowNum                             0x08000eed   Thumb Code    68  oled.o(i.OLED_ShowNum)
    OLED_ShowString                          0x08000f31   Thumb Code    40  oled.o(i.OLED_ShowString)
    OLED_WriteCommand                        0x08000f59   Thumb Code    32  oled.o(i.OLED_WriteCommand)
    OLED_WriteData                           0x08000f79   Thumb Code    32  oled.o(i.OLED_WriteData)
    Obstacle_Avoidance                       0x08000f99   Thumb Code    88  obstacle_avoidance.o(i.Obstacle_Avoidance)
    PS2_CS_H                                 0x08000ff1   Thumb Code    12  ps2.o(i.PS2_CS_H)
    PS2_CS_L                                 0x08001001   Thumb Code    12  ps2.o(i.PS2_CS_L)
    PS2_Cmd                                  0x08001011   Thumb Code    86  ps2.o(i.PS2_Cmd)
    PS2_DI                                   0x08001069   Thumb Code    16  ps2.o(i.PS2_DI)
    PS2_DO_H                                 0x0800107d   Thumb Code    12  ps2.o(i.PS2_DO_H)
    PS2_DO_L                                 0x0800108d   Thumb Code    12  ps2.o(i.PS2_DO_L)
    PS2_Delay_US                             0x0800109d   Thumb Code    10  ps2.o(i.PS2_Delay_US)
    PS2_EnterConfing                         0x080010a7   Thumb Code    78  ps2.o(i.PS2_EnterConfing)
    PS2_ExitConfing                          0x080010f5   Thumb Code    78  ps2.o(i.PS2_ExitConfing)
    PS2_GPIO_Init                            0x08001145   Thumb Code    64  ps2.o(i.PS2_GPIO_Init)
    PS2_Init                                 0x08001189   Thumb Code    44  ps2.o(i.PS2_Init)
    PS2_ReadData                             0x080011b5   Thumb Code    66  ps2.o(i.PS2_ReadData)
    PS2_SCK_H                                0x08001201   Thumb Code    12  ps2.o(i.PS2_SCK_H)
    PS2_SCK_L                                0x08001211   Thumb Code    12  ps2.o(i.PS2_SCK_L)
    PS2_ShortPoll                            0x08001221   Thumb Code    54  ps2.o(i.PS2_ShortPoll)
    PS2_TurnOnAnalogMode                     0x08001257   Thumb Code    78  ps2.o(i.PS2_TurnOnAnalogMode)
    PendSV_Handler                           0x080012a5   Thumb Code     2  stm32f10x_it.o(i.PendSV_Handler)
    RCC_APB1PeriphClockCmd                   0x080012a9   Thumb Code    26  stm32f10x_rcc.o(i.RCC_APB1PeriphClockCmd)
    RCC_APB2PeriphClockCmd                   0x080012c9   Thumb Code    26  stm32f10x_rcc.o(i.RCC_APB2PeriphClockCmd)
    Remote_Control                           0x080012e9   Thumb Code   614  remote_control.o(i.Remote_Control)
    RobotArm_DropHand                        0x0800156d   Thumb Code    20  servo.o(i.RobotArm_DropHand)
    RobotArm_LetHand                         0x08001585   Thumb Code    20  servo.o(i.RobotArm_LetHand)
    RobotArm_RaiseHand                       0x0800159d   Thumb Code    20  servo.o(i.RobotArm_RaiseHand)
    RobotArm_ShakeHand                       0x080015b5   Thumb Code    20  servo.o(i.RobotArm_ShakeHand)
    RobotArm_ShinkHand                       0x080015cd   Thumb Code    20  servo.o(i.RobotArm_ShinkHand)
    RobotArm_StrechHand                      0x080015e5   Thumb Code    20  servo.o(i.RobotArm_StrechHand)
    Robot_Arm_Gpio_Init                      0x080015fd   Thumb Code    50  servo.o(i.Robot_Arm_Gpio_Init)
    Robot_LeftPwm_Set                        0x08001635   Thumb Code    32  servo.o(i.Robot_LeftPwm_Set)
    Robot_RightPwm_Set                       0x08001659   Thumb Code    32  servo.o(i.Robot_RightPwm_Set)
    Robot_UpPwm_Set                          0x0800167d   Thumb Code    32  servo.o(i.Robot_UpPwm_Set)
    SVC_Handler                              0x080016a1   Thumb Code     2  stm32f10x_it.o(i.SVC_Handler)
    Sensor0_Get_State                        0x080016a5   Thumb Code    12  sensor.o(i.Sensor0_Get_State)
    Sensor1_Get_State                        0x080016b5   Thumb Code    12  sensor.o(i.Sensor1_Get_State)
    Sensor2_Get_State                        0x080016c5   Thumb Code    12  sensor.o(i.Sensor2_Get_State)
    Sensor3_Get_State                        0x080016d5   Thumb Code    12  sensor.o(i.Sensor3_Get_State)
    Servo_Gpio_Init                          0x080016e5   Thumb Code    48  servo.o(i.Servo_Gpio_Init)
    Servo_Init                               0x08001719   Thumb Code    24  servo.o(i.Servo_Init)
    Servo_Time_Init                          0x08001735   Thumb Code   110  servo.o(i.Servo_Time_Init)
    Sonar                                    0x08001891   Thumb Code   138  hc_sr04.o(i.Sonar)
    Sonar_Measure                            0x08001935   Thumb Code    70  main.o(i.Sonar_Measure)
    SysTick_Handler                          0x0800197b   Thumb Code     2  stm32f10x_it.o(i.SysTick_Handler)
    SystemInit                               0x0800197d   Thumb Code    78  system_stm32f10x.o(i.SystemInit)
    TIM1_UP_IRQHandler                       0x080019dd   Thumb Code   184  servo.o(i.TIM1_UP_IRQHandler)
    TIM3_IRQHandler                          0x08001ab1   Thumb Code    34  hc_sr04.o(i.TIM3_IRQHandler)
    TIM_ClearFlag                            0x08001add   Thumb Code     6  stm32f10x_tim.o(i.TIM_ClearFlag)
    TIM_ClearITPendingBit                    0x08001ae3   Thumb Code     6  stm32f10x_tim.o(i.TIM_ClearITPendingBit)
    TIM_Cmd                                  0x08001ae9   Thumb Code    24  stm32f10x_tim.o(i.TIM_Cmd)
    TIM_GetITStatus                          0x08001b01   Thumb Code    34  stm32f10x_tim.o(i.TIM_GetITStatus)
    TIM_ITConfig                             0x08001b23   Thumb Code    18  stm32f10x_tim.o(i.TIM_ITConfig)
    TIM_InternalClockConfig                  0x08001b35   Thumb Code    12  stm32f10x_tim.o(i.TIM_InternalClockConfig)
    TIM_OC1Init                              0x08001b41   Thumb Code   132  stm32f10x_tim.o(i.TIM_OC1Init)
    TIM_OC2Init                              0x08001bd9   Thumb Code   154  stm32f10x_tim.o(i.TIM_OC2Init)
    TIM_OC3Init                              0x08001c7d   Thumb Code   150  stm32f10x_tim.o(i.TIM_OC3Init)
    TIM_OC4Init                              0x08001d1d   Thumb Code   114  stm32f10x_tim.o(i.TIM_OC4Init)
    TIM_OCStructInit                         0x08001d99   Thumb Code    20  stm32f10x_tim.o(i.TIM_OCStructInit)
    TIM_SetCompare1                          0x08001dad   Thumb Code     4  stm32f10x_tim.o(i.TIM_SetCompare1)
    TIM_SetCompare2                          0x08001db1   Thumb Code     4  stm32f10x_tim.o(i.TIM_SetCompare2)
    TIM_SetCompare3                          0x08001db5   Thumb Code     4  stm32f10x_tim.o(i.TIM_SetCompare3)
    TIM_SetCompare4                          0x08001db9   Thumb Code     6  stm32f10x_tim.o(i.TIM_SetCompare4)
    TIM_TimeBaseInit                         0x08001dc1   Thumb Code   122  stm32f10x_tim.o(i.TIM_TimeBaseInit)
    USART1_IRQHandler                        0x08001e65   Thumb Code    40  usart.o(i.USART1_IRQHandler)
    USART_ClearITPendingBit                  0x08001e99   Thumb Code    30  stm32f10x_usart.o(i.USART_ClearITPendingBit)
    USART_GetFlagStatus                      0x08001eb7   Thumb Code    26  stm32f10x_usart.o(i.USART_GetFlagStatus)
    USART_ReceiveData                        0x08001ed1   Thumb Code    10  stm32f10x_usart.o(i.USART_ReceiveData)
    UsageFault_Handler                       0x08001edb   Thumb Code     4  stm32f10x_it.o(i.UsageFault_Handler)
    WWDG_ClearFlag                           0x08001ee1   Thumb Code     8  stm32f10x_wwdg.o(i.WWDG_ClearFlag)
    WWDG_IRQHandler                          0x08001eed   Thumb Code    40  wdg.o(i.WWDG_IRQHandler)
    WWDG_SetCounter                          0x08001f19   Thumb Code    10  stm32f10x_wwdg.o(i.WWDG_SetCounter)
    __scatterload_copy                       0x08001f29   Thumb Code    14  handlers.o(i.__scatterload_copy)
    __scatterload_null                       0x08001f37   Thumb Code     2  handlers.o(i.__scatterload_null)
    __scatterload_zeroinit                   0x08001f39   Thumb Code    14  handlers.o(i.__scatterload_zeroinit)
    follow_function                          0x08001f47   Thumb Code    78  follow.o(i.follow_function)
    main                                     0x08001f95   Thumb Code   150  main.o(i.main)
    ps2_get_anolog_data                      0x08002049   Thumb Code     8  ps2.o(i.ps2_get_anolog_data)
    ps2_get_key_state                        0x08002055   Thumb Code    22  ps2.o(i.ps2_get_key_state)
    ps2_key_serch                            0x08002071   Thumb Code    88  ps2.o(i.ps2_key_serch)
    ps2_mode_get                             0x080020d5   Thumb Code    44  ps2.o(i.ps2_mode_get)
    track                                    0x08002109   Thumb Code   312  tracking.o(i.track)
    OLED_F8x16                               0x0800224c   Data        1520  oled.o(.constdata)
    Region$$Table$$Base                      0x0800283c   Number         0  anon$$obj.o(Region$$Table)
    Region$$Table$$Limit                     0x0800285c   Number         0  anon$$obj.o(Region$$Table)
    Key_Num                                  0x20000000   Data           1  key.o(.data)
    __stdout                                 0x20000004   Data           4  usart.o(.data)
    __stdin                                  0x20000008   Data           4  usart.o(.data)
    Rx_Data                                  0x2000000c   Data           1  usart.o(.data)
    Rx_Flag                                  0x2000000d   Data           1  usart.o(.data)
    RxState                                  0x2000000e   Data           1  usart.o(.data)
    pRxPacket                                0x2000000f   Data           1  usart.o(.data)
    WwdgReset_Count                          0x20000010   Data           1  wdg.o(.data)
    TimeCount                                0x20000012   Data           2  hc_sr04.o(.data)
    arc_servo                                0x20000014   Data           4  servo.o(.data)
    robotarm_left                            0x20000018   Data           4  servo.o(.data)
    robotarm_right                           0x2000001c   Data           4  servo.o(.data)
    robotarm_up                              0x20000020   Data           4  servo.o(.data)
    counter                                  0x20000024   Data           2  servo.o(.data)
    Handkey                                  0x20000028   Data           4  ps2.o(.data)
    ps2_mode                                 0x2000002c   Data           1  ps2.o(.data)
    Comd                                     0x2000002d   Data           9  ps2.o(.data)
    MASK                                     0x20000038   Data         128  ps2.o(.data)
    KeyNum                                   0x200000b8   Data           1  main.o(.data)
    PS2_Mode                                 0x200000b9   Data           1  main.o(.data)
    Last_PS2_Mode                            0x200000ba   Data           1  main.o(.data)
    Arc_Pwm                                  0x200000bb   Data           1  main.o(.data)
    Arc_LeftLimit                            0x200000bc   Data           1  main.o(.data)
    Arc_RightLimit                           0x200000bd   Data           1  main.o(.data)
    ServoPwm                                 0x200000be   Data           2  tracking.o(.data)
    SensorState                              0x200000c0   Data           4  tracking.o(.data)
    Area                                     0x200000c4   Data           1  tracking.o(.data)
    Last_Area                                0x200000c5   Data           1  tracking.o(.data)
    Data                                     0x200000c8   Data           9  ps2.o(.bss)
    key_search                               0x200000d1   Data          12  ps2.o(.bss)
    __initial_sp                             0x200004e0   Data           0  startup_stm32f10x_md.o(STACK)



==============================================================================

Memory Map of the image

  Image Entry point : 0x080000ed

  Load Region LR_IROM1 (Base: 0x08000000, Size: 0x00002924, Max: 0x00010000, ABSOLUTE)

    Execution Region ER_IROM1 (Base: 0x08000000, Size: 0x0000285c, Max: 0x00010000, ABSOLUTE)

    Base Addr    Size         Type   Attr      Idx    E Section Name        Object

    0x08000000   0x000000ec   Data   RO           19    RESET               startup_stm32f10x_md.o
    0x080000ec   0x00000000   Code   RO         4201  * .ARM.Collect$$$$00000000  mc_w.l(entry.o)
    0x080000ec   0x00000004   Code   RO         4216    .ARM.Collect$$$$00000001  mc_w.l(entry2.o)
    0x080000f0   0x00000004   Code   RO         4219    .ARM.Collect$$$$00000004  mc_w.l(entry5.o)
    0x080000f4   0x00000000   Code   RO         4221    .ARM.Collect$$$$00000008  mc_w.l(entry7b.o)
    0x080000f4   0x00000000   Code   RO         4223    .ARM.Collect$$$$0000000A  mc_w.l(entry8b.o)
    0x080000f4   0x00000008   Code   RO         4224    .ARM.Collect$$$$0000000B  mc_w.l(entry9a.o)
    0x080000fc   0x00000004   Code   RO         4231    .ARM.Collect$$$$0000000E  mc_w.l(entry12b.o)
    0x08000100   0x00000000   Code   RO         4226    .ARM.Collect$$$$0000000F  mc_w.l(entry10a.o)
    0x08000100   0x00000000   Code   RO         4228    .ARM.Collect$$$$00000011  mc_w.l(entry11a.o)
    0x08000100   0x00000004   Code   RO         4217    .ARM.Collect$$$$00002712  mc_w.l(entry2.o)
    0x08000104   0x00000024   Code   RO           20    .text               startup_stm32f10x_md.o
    0x08000128   0x000000b0   Code   RO         4204    .text               mf_w.l(fadd.o)
    0x080001d8   0x00000064   Code   RO         4206    .text               mf_w.l(fmul.o)
    0x0800023c   0x0000007c   Code   RO         4208    .text               mf_w.l(fdiv.o)
    0x080002b8   0x0000000a   Code   RO         4210    .text               mf_w.l(ffltui.o)
    0x080002c2   0x00000032   Code   RO         4212    .text               mf_w.l(ffixi.o)
    0x080002f4   0x00000028   Code   RO         4214    .text               mf_w.l(ffixui.o)
    0x0800031c   0x00000000   Code   RO         4232    .text               mc_w.l(iusefp.o)
    0x0800031c   0x0000006e   Code   RO         4233    .text               mf_w.l(fepilogue.o)
    0x0800038a   0x00000002   PAD
    0x0800038c   0x00000024   Code   RO         4235    .text               mc_w.l(init.o)
    0x080003b0   0x00000024   Code   RO         3741    i.Arc_ServoPwm_Set  servo.o
    0x080003d4   0x00000028   Code   RO         3742    i.Arc_Servo_Param_Get  servo.o
    0x080003fc   0x00000004   Code   RO         4000    i.BusFault_Handler  stm32f10x_it.o
    0x08000400   0x00000026   Code   RO         3582    i.Car_Backward      motor.o
    0x08000426   0x00000026   Code   RO         3583    i.Car_Forward       motor.o
    0x0800044c   0x00000024   Code   RO         3584    i.Car_Stop          motor.o
    0x08000470   0x00000026   Code   RO         3588    i.Car_TurnRight     motor.o
    0x08000496   0x00000002   Code   RO         4001    i.DebugMon_Handler  stm32f10x_it.o
    0x08000498   0x00000018   Code   RO         3127    i.Delay_ms          delay.o
    0x080004b0   0x0000002e   Code   RO         3129    i.Delay_us          delay.o
    0x080004de   0x00000002   PAD
    0x080004e0   0x0000002c   Code   RO         3253    i.EXTI0_IRQHandler  key.o
    0x0800050c   0x0000002c   Code   RO         3254    i.EXTI1_IRQHandler  key.o
    0x08000538   0x0000002c   Code   RO         3255    i.EXTI4_IRQHandler  key.o
    0x08000564   0x0000002c   Code   RO         3256    i.EXTI9_5_IRQHandler  key.o
    0x08000590   0x0000000c   Code   RO          958    i.EXTI_ClearITPendingBit  stm32f10x_exti.o
    0x0800059c   0x00000028   Code   RO          962    i.EXTI_GetITStatus  stm32f10x_exti.o
    0x080005c4   0x00000094   Code   RO          963    i.EXTI_Init         stm32f10x_exti.o
    0x08000658   0x00000040   Code   RO         1308    i.GPIO_EXTILineConfig  stm32f10x_gpio.o
    0x08000698   0x00000116   Code   RO         1311    i.GPIO_Init         stm32f10x_gpio.o
    0x080007ae   0x00000012   Code   RO         1315    i.GPIO_ReadInputDataBit  stm32f10x_gpio.o
    0x080007c0   0x00000004   Code   RO         1318    i.GPIO_ResetBits    stm32f10x_gpio.o
    0x080007c4   0x00000004   Code   RO         1319    i.GPIO_SetBits      stm32f10x_gpio.o
    0x080007c8   0x0000000a   Code   RO         1322    i.GPIO_WriteBit     stm32f10x_gpio.o
    0x080007d2   0x00000002   PAD
    0x080007d4   0x00000050   Code   RO         3663    i.HC_SR04GPIO_Init  hc_sr04.o
    0x08000824   0x0000000c   Code   RO         3664    i.HC_SR04Init       hc_sr04.o
    0x08000830   0x00000070   Code   RO         3665    i.HC_SR04TIM_Init   hc_sr04.o
    0x080008a0   0x00000004   Code   RO         4002    i.HardFault_Handler  stm32f10x_it.o
    0x080008a4   0x000000e0   Code   RO         3257    i.Key_Init          key.o
    0x08000984   0x00000004   Code   RO         4003    i.MemManage_Handler  stm32f10x_it.o
    0x08000988   0x00000040   Code   RO         3589    i.Motor1_SetSpeed   motor.o
    0x080009c8   0x00000040   Code   RO         3590    i.Motor2_SetSpeed   motor.o
    0x08000a08   0x0000003c   Code   RO         3591    i.Motor3_SetSpeed   motor.o
    0x08000a44   0x0000003c   Code   RO         3592    i.Motor4_SetSpeed   motor.o
    0x08000a80   0x00000160   Code   RO         3593    i.Motor_Init        motor.o
    0x08000be0   0x00000002   Code   RO         4004    i.NMI_Handler       stm32f10x_it.o
    0x08000be2   0x00000002   PAD
    0x08000be4   0x00000070   Code   RO          137    i.NVIC_Init         misc.o
    0x08000c54   0x00000014   Code   RO          138    i.NVIC_PriorityGroupConfig  misc.o
    0x08000c68   0x0000002a   Code   RO         3298    i.OLED_Clear        oled.o
    0x08000c92   0x00000002   PAD
    0x08000c94   0x00000050   Code   RO         3299    i.OLED_I2C_Init     oled.o
    0x08000ce4   0x00000054   Code   RO         3300    i.OLED_I2C_SendByte  oled.o
    0x08000d38   0x00000034   Code   RO         3301    i.OLED_I2C_Start    oled.o
    0x08000d6c   0x00000028   Code   RO         3302    i.OLED_I2C_Stop     oled.o
    0x08000d94   0x000000ae   Code   RO         3303    i.OLED_Init         oled.o
    0x08000e42   0x00000014   Code   RO         3304    i.OLED_Pow          oled.o
    0x08000e56   0x00000022   Code   RO         3305    i.OLED_SetCursor    oled.o
    0x08000e78   0x00000074   Code   RO         3307    i.OLED_ShowChar     oled.o
    0x08000eec   0x00000044   Code   RO         3309    i.OLED_ShowNum      oled.o
    0x08000f30   0x00000028   Code   RO         3311    i.OLED_ShowString   oled.o
    0x08000f58   0x00000020   Code   RO         3312    i.OLED_WriteCommand  oled.o
    0x08000f78   0x00000020   Code   RO         3313    i.OLED_WriteData    oled.o
    0x08000f98   0x00000058   Code   RO         4148    i.Obstacle_Avoidance  obstacle_avoidance.o
    0x08000ff0   0x00000010   Code   RO         3849    i.PS2_CS_H          ps2.o
    0x08001000   0x00000010   Code   RO         3850    i.PS2_CS_L          ps2.o
    0x08001010   0x00000056   Code   RO         3852    i.PS2_Cmd           ps2.o
    0x08001066   0x00000002   PAD
    0x08001068   0x00000014   Code   RO         3853    i.PS2_DI            ps2.o
    0x0800107c   0x00000010   Code   RO         3854    i.PS2_DO_H          ps2.o
    0x0800108c   0x00000010   Code   RO         3855    i.PS2_DO_L          ps2.o
    0x0800109c   0x0000000a   Code   RO         3856    i.PS2_Delay_US      ps2.o
    0x080010a6   0x0000004e   Code   RO         3857    i.PS2_EnterConfing  ps2.o
    0x080010f4   0x0000004e   Code   RO         3858    i.PS2_ExitConfing   ps2.o
    0x08001142   0x00000002   PAD
    0x08001144   0x00000044   Code   RO         3859    i.PS2_GPIO_Init     ps2.o
    0x08001188   0x0000002c   Code   RO         3860    i.PS2_Init          ps2.o
    0x080011b4   0x0000004c   Code   RO         3861    i.PS2_ReadData      ps2.o
    0x08001200   0x00000010   Code   RO         3862    i.PS2_SCK_H         ps2.o
    0x08001210   0x00000010   Code   RO         3863    i.PS2_SCK_L         ps2.o
    0x08001220   0x00000036   Code   RO         3864    i.PS2_ShortPoll     ps2.o
    0x08001256   0x0000004e   Code   RO         3865    i.PS2_TurnOnAnalogMode  ps2.o
    0x080012a4   0x00000002   Code   RO         4005    i.PendSV_Handler    stm32f10x_it.o
    0x080012a6   0x00000002   PAD
    0x080012a8   0x00000020   Code   RO         1727    i.RCC_APB1PeriphClockCmd  stm32f10x_rcc.o
    0x080012c8   0x00000020   Code   RO         1729    i.RCC_APB2PeriphClockCmd  stm32f10x_rcc.o
    0x080012e8   0x00000284   Code   RO         4163    i.Remote_Control    remote_control.o
    0x0800156c   0x00000018   Code   RO         3743    i.RobotArm_DropHand  servo.o
    0x08001584   0x00000018   Code   RO         3744    i.RobotArm_LetHand  servo.o
    0x0800159c   0x00000018   Code   RO         3745    i.RobotArm_RaiseHand  servo.o
    0x080015b4   0x00000018   Code   RO         3746    i.RobotArm_ShakeHand  servo.o
    0x080015cc   0x00000018   Code   RO         3747    i.RobotArm_ShinkHand  servo.o
    0x080015e4   0x00000018   Code   RO         3748    i.RobotArm_StrechHand  servo.o
    0x080015fc   0x00000038   Code   RO         3749    i.Robot_Arm_Gpio_Init  servo.o
    0x08001634   0x00000024   Code   RO         3750    i.Robot_LeftPwm_Set  servo.o
    0x08001658   0x00000024   Code   RO         3751    i.Robot_RightPwm_Set  servo.o
    0x0800167c   0x00000024   Code   RO         3752    i.Robot_UpPwm_Set   servo.o
    0x080016a0   0x00000002   Code   RO         4006    i.SVC_Handler       stm32f10x_it.o
    0x080016a2   0x00000002   PAD
    0x080016a4   0x00000010   Code   RO         3705    i.Sensor0_Get_State  sensor.o
    0x080016b4   0x00000010   Code   RO         3706    i.Sensor1_Get_State  sensor.o
    0x080016c4   0x00000010   Code   RO         3707    i.Sensor2_Get_State  sensor.o
    0x080016d4   0x00000010   Code   RO         3708    i.Sensor3_Get_State  sensor.o
    0x080016e4   0x00000034   Code   RO         3753    i.Servo_Gpio_Init   servo.o
    0x08001718   0x0000001c   Code   RO         3754    i.Servo_Init        servo.o
    0x08001734   0x00000074   Code   RO         3755    i.Servo_Time_Init   servo.o
    0x080017a8   0x00000008   Code   RO           24    i.SetSysClock       system_stm32f10x.o
    0x080017b0   0x000000e0   Code   RO           25    i.SetSysClockTo72   system_stm32f10x.o
    0x08001890   0x000000a4   Code   RO         3666    i.Sonar             hc_sr04.o
    0x08001934   0x00000046   Code   RO         4063    i.Sonar_Measure     main.o
    0x0800197a   0x00000002   Code   RO         4007    i.SysTick_Handler   stm32f10x_it.o
    0x0800197c   0x00000060   Code   RO           27    i.SystemInit        system_stm32f10x.o
    0x080019dc   0x000000d4   Code   RO         3756    i.TIM1_UP_IRQHandler  servo.o
    0x08001ab0   0x0000002c   Code   RO         3667    i.TIM3_IRQHandler   hc_sr04.o
    0x08001adc   0x00000006   Code   RO         2355    i.TIM_ClearFlag     stm32f10x_tim.o
    0x08001ae2   0x00000006   Code   RO         2356    i.TIM_ClearITPendingBit  stm32f10x_tim.o
    0x08001ae8   0x00000018   Code   RO         2361    i.TIM_Cmd           stm32f10x_tim.o
    0x08001b00   0x00000022   Code   RO         2382    i.TIM_GetITStatus   stm32f10x_tim.o
    0x08001b22   0x00000012   Code   RO         2386    i.TIM_ITConfig      stm32f10x_tim.o
    0x08001b34   0x0000000c   Code   RO         2388    i.TIM_InternalClockConfig  stm32f10x_tim.o
    0x08001b40   0x00000098   Code   RO         2390    i.TIM_OC1Init       stm32f10x_tim.o
    0x08001bd8   0x000000a4   Code   RO         2395    i.TIM_OC2Init       stm32f10x_tim.o
    0x08001c7c   0x000000a0   Code   RO         2400    i.TIM_OC3Init       stm32f10x_tim.o
    0x08001d1c   0x0000007c   Code   RO         2405    i.TIM_OC4Init       stm32f10x_tim.o
    0x08001d98   0x00000014   Code   RO         2408    i.TIM_OCStructInit  stm32f10x_tim.o
    0x08001dac   0x00000004   Code   RO         2422    i.TIM_SetCompare1   stm32f10x_tim.o
    0x08001db0   0x00000004   Code   RO         2423    i.TIM_SetCompare2   stm32f10x_tim.o
    0x08001db4   0x00000004   Code   RO         2424    i.TIM_SetCompare3   stm32f10x_tim.o
    0x08001db8   0x00000006   Code   RO         2425    i.TIM_SetCompare4   stm32f10x_tim.o
    0x08001dbe   0x00000002   PAD
    0x08001dc0   0x000000a4   Code   RO         2432    i.TIM_TimeBaseInit  stm32f10x_tim.o
    0x08001e64   0x00000034   Code   RO         3460    i.USART1_IRQHandler  usart.o
    0x08001e98   0x0000001e   Code   RO         2894    i.USART_ClearITPendingBit  stm32f10x_usart.o
    0x08001eb6   0x0000001a   Code   RO         2900    i.USART_GetFlagStatus  stm32f10x_usart.o
    0x08001ed0   0x0000000a   Code   RO         2911    i.USART_ReceiveData  stm32f10x_usart.o
    0x08001eda   0x00000004   Code   RO         4008    i.UsageFault_Handler  stm32f10x_it.o
    0x08001ede   0x00000002   PAD
    0x08001ee0   0x0000000c   Code   RO         3073    i.WWDG_ClearFlag    stm32f10x_wwdg.o
    0x08001eec   0x0000002c   Code   RO         3551    i.WWDG_IRQHandler   wdg.o
    0x08001f18   0x00000010   Code   RO         3078    i.WWDG_SetCounter   stm32f10x_wwdg.o
    0x08001f28   0x0000000e   Code   RO         4239    i.__scatterload_copy  mc_w.l(handlers.o)
    0x08001f36   0x00000002   Code   RO         4240    i.__scatterload_null  mc_w.l(handlers.o)
    0x08001f38   0x0000000e   Code   RO         4241    i.__scatterload_zeroinit  mc_w.l(handlers.o)
    0x08001f46   0x0000004e   Code   RO         4133    i.follow_function   follow.o
    0x08001f94   0x000000b4   Code   RO         4064    i.main              main.o
    0x08002048   0x0000000c   Code   RO         3868    i.ps2_get_anolog_data  ps2.o
    0x08002054   0x0000001c   Code   RO         3869    i.ps2_get_key_state  ps2.o
    0x08002070   0x00000064   Code   RO         3870    i.ps2_key_serch     ps2.o
    0x080020d4   0x00000034   Code   RO         3871    i.ps2_mode_get      ps2.o
    0x08002108   0x00000144   Code   RO         4179    i.track             tracking.o
    0x0800224c   0x000005f0   Data   RO         3314    .constdata          oled.o
    0x0800283c   0x00000020   Data   RO         4237    Region$$Table       anon$$obj.o


    Execution Region RW_IRAM1 (Base: 0x20000000, Size: 0x000004e0, Max: 0x00005000, ABSOLUTE)

    Base Addr    Size         Type   Attr      Idx    E Section Name        Object

    0x20000000   0x00000001   Data   RW         3258    .data               key.o
    0x20000001   0x00000003   PAD
    0x20000004   0x0000000c   Data   RW         3473    .data               usart.o
    0x20000010   0x00000001   Data   RW         3553    .data               wdg.o
    0x20000011   0x00000001   PAD
    0x20000012   0x00000002   Data   RW         3668    .data               hc_sr04.o
    0x20000014   0x00000012   Data   RW         3757    .data               servo.o
    0x20000026   0x00000002   PAD
    0x20000028   0x00000090   Data   RW         3873    .data               ps2.o
    0x200000b8   0x00000006   Data   RW         4065    .data               main.o
    0x200000be   0x00000008   Data   RW         4180    .data               tracking.o
    0x200000c6   0x00000002   PAD
    0x200000c8   0x00000015   Zero   RW         3872    .bss                ps2.o
    0x200000dd   0x00000003   PAD
    0x200000e0   0x00000400   Zero   RW           17    STACK               startup_stm32f10x_md.o


==============================================================================

Image component sizes


      Code (inc. data)   RO Data    RW Data    ZI Data      Debug   Object Name

         0          0          0          0          0       4564   core_cm3.o
        70          0          0          0          0        874   delay.o
        78          0          0          0          0        550   follow.o
       412         48          0          2          0       2589   hc_sr04.o
       400         38          0          1          0       2507   key.o
       250         30          0          6          0       1368   main.o
       132         22          0          0          0     206799   misc.o
       750         22          0          0          0       4693   motor.o
        88          0          0          0          0        609   obstacle_avoidance.o
       814         22       1520          0          0       7161   oled.o
       880         72          0        144         21       9666   ps2.o
       644         30          0          0          0       1017   remote_control.o
        64         16          0          0          0       1760   sensor.o
       792         92          0         18          0       8333   servo.o
        36          8        236          0       1024        760   startup_stm32f10x_md.o
       200         18          0          0          0       1880   stm32f10x_exti.o
       378          4          0          0          0       4462   stm32f10x_gpio.o
        26          0          0          0          0       3506   stm32f10x_it.o
        64         12          0          0          0       1026   stm32f10x_rcc.o
       902         92          0          0          0       9175   stm32f10x_tim.o
        66          0          0          0          0       3012   stm32f10x_usart.o
        28         10          0          0          0        863   stm32f10x_wwdg.o
       328         28          0          0          0      36341   system_stm32f10x.o
       324         12          0          8          0       1234   tracking.o
        52         12          0         12          0       2414   usart.o
        44          4          0          1          0        628   wdg.o

    ----------------------------------------------------------------------
      7842        592       1788        200       1048     317791   Object Totals
         0          0         32          0          0          0   (incl. Generated)
        20          0          0          8          3          0   (incl. Padding)

    ----------------------------------------------------------------------

      Code (inc. data)   RO Data    RW Data    ZI Data      Debug   Library Member Name

         0          0          0          0          0          0   entry.o
         0          0          0          0          0          0   entry10a.o
         0          0          0          0          0          0   entry11a.o
         4          0          0          0          0          0   entry12b.o
         8          4          0          0          0          0   entry2.o
         4          0          0          0          0          0   entry5.o
         0          0          0          0          0          0   entry7b.o
         0          0          0          0          0          0   entry8b.o
         8          4          0          0          0          0   entry9a.o
        30          0          0          0          0          0   handlers.o
        36          8          0          0          0         68   init.o
         0          0          0          0          0          0   iusefp.o
       176          0          0          0          0        140   fadd.o
       124          0          0          0          0         88   fdiv.o
       110          0          0          0          0        168   fepilogue.o
        50          0          0          0          0         68   ffixi.o
        40          0          0          0          0         68   ffixui.o
        10          0          0          0          0         68   ffltui.o
       100          0          0          0          0         76   fmul.o

    ----------------------------------------------------------------------
       702         16          0          0          0        744   Library Totals
         2          0          0          0          0          0   (incl. Padding)

    ----------------------------------------------------------------------

      Code (inc. data)   RO Data    RW Data    ZI Data      Debug   Library Name

        90         16          0          0          0         68   mc_w.l
       610          0          0          0          0        676   mf_w.l

    ----------------------------------------------------------------------
       702         16          0          0          0        744   Library Totals

    ----------------------------------------------------------------------

==============================================================================


      Code (inc. data)   RO Data    RW Data    ZI Data      Debug   

      8544        608       1788        200       1048     311979   Grand Totals
      8544        608       1788        200       1048     311979   ELF Image Totals
      8544        608       1788        200          0          0   ROM Totals

==============================================================================

    Total RO  Size (Code + RO Data)                10332 (  10.09kB)
    Total RW  Size (RW Data + ZI Data)              1248 (   1.22kB)
    Total ROM Size (Code + RO Data + RW Data)      10532 (  10.29kB)

==============================================================================

